<html>
<body>
<pre>
<h1>µVision Build Log</h1>
<h2>Tool Versions:</h2>
IDE-Version: µVision V5.17.0.0
Copyright (C) 2015 ARM Ltd and ARM Germany GmbH. All rights reserved.
License Information: frrrrr rrrrr, rrrrr, LIC=CZLZX-H9CA8-EVQ1R-KFMWR-N30TH-UZM88
 
Tool Versions:
Toolchain:       MDK-ARM Standard  Version: 5.17
Toolchain Path:  C:\Keil_v5\ARM\ARMCC\Bin
C Compiler:      Armcc.exe V5.06 update 1 (build 61)
Assembler:       Armasm.exe V5.06 update 1 (build 61)
Linker/Locator:  ArmLink.exe V5.06 update 1 (build 61)
Library Manager: ArmAr.exe V5.06 update 1 (build 61)
Hex Converter:   FromElf.exe V5.06 update 1 (build 61)
CPU DLL:         SARMCM3.DLL V5.17
Dialog DLL:      DCM.DLL V1.13.4.0
Target DLL:      STLink\ST-LINKIII-KEIL_SWO.dll V2.0.18.0
Dialog DLL:      TCM.DLL V1.14.6.0
 
<h2>Project:</h2>
F:\HWNG FILES\Project\Project Pacman STM32\OLED_I2C\MDK-ARM\OLED_I2C.uvprojx
Project File Date:  11/20/2021

<h2>Output:</h2>
*** Using Compiler 'V5.06 update 1 (build 61)', folder: 'C:\Keil_v5\ARM\ARMCC\Bin'
Build target 'OLED_I2C'
compiling main.c...
../Core/Inc/ssd1306.h(238): warning:  #1295-D: Deprecated declaration ssd1306_I2C_Init - give arg types
  void ssd1306_I2C_Init();
../Core/Inc/flash.h(7): warning:  #161-D: unrecognized #pragma
  #pragma park(1)  //chong phan manh bo nho
../Core/Inc/flash.h(14): warning:  #161-D: unrecognized #pragma
  #pragma park()
../Core/Src/main.c(67): warning:  #1295-D: Deprecated declaration randomPrey - give arg types
  void randomPrey();
../Core/Src/main.c(68): warning:  #1295-D: Deprecated declaration predatorDraw - give arg types
  void predatorDraw();
../Core/Src/main.c(69): warning:  #1295-D: Deprecated declaration predatorClear - give arg types
  void predatorClear();
../Core/Src/main.c(70): warning:  #1295-D: Deprecated declaration preyDraw - give arg types
  void preyDraw();
../Core/Src/main.c(71): warning:  #1295-D: Deprecated declaration preyClear - give arg types
  void preyClear();
../Core/Src/main.c(134): warning:  #188-D: enumerated type mixed with another type
  	SSD1306_Puts(str_level,&Font_7x10,1);
../Core/Src/main.c(140): warning:  #188-D: enumerated type mixed with another type
  	if(sound_status) SSD1306_Puts("ON ",&Font_7x10,1);
../Core/Src/main.c(141): warning:  #188-D: enumerated type mixed with another type
  	else SSD1306_Puts("OFF",&Font_7x10,1);
../Core/Src/main.c(158): warning:  #188-D: enumerated type mixed with another type
  	SSD1306_Puts("Predator",&Font_11x18,1);
../Core/Src/main.c(160): warning:  #188-D: enumerated type mixed with another type
  	SSD1306_Puts("GAME",&Font_16x26,1);
../Core/Src/main.c(162): warning:  #188-D: enumerated type mixed with another type
  	SSD1306_Puts("made by DxHwg",&Font_7x10,1);
../Core/Src/main.c(176): warning:  #188-D: enumerated type mixed with another type
  	SSD1306_Puts("SETUP MODE",&Font_11x18,1);
../Core/Src/main.c(178): warning:  #188-D: enumerated type mixed with another type
  	SSD1306_Puts("Level: ",&Font_7x10,1);
../Core/Src/main.c(181): warning:  #188-D: enumerated type mixed with another type
  	SSD1306_Puts("Sound: ",&Font_7x10,1);
../Core/Src/main.c(184): warning:  #188-D: enumerated type mixed with another type
  	SSD1306_DrawFilledCircle(100,20, 2 ,1);
../Core/Src/main.c(193): warning:  #188-D: enumerated type mixed with another type
  	SSD1306_Puts("Score: ",&Font_11x18,1);
../Core/Src/main.c(196): warning:  #188-D: enumerated type mixed with another type
  	SSD1306_Puts(str_user_score,&Font_11x18,1);
../Core/Src/main.c(198): warning:  #188-D: enumerated type mixed with another type
  	SSD1306_DrawLine(areaEdge_x[0], areaEdge_y[0], areaEdge_x[1],  areaEdge_y[0], 1);  //edge top
../Core/Src/main.c(199): warning:  #188-D: enumerated type mixed with another type
  	SSD1306_DrawLine(areaEdge_x[0], areaEdge_y[0], areaEdge_x[0],  areaEdge_y[1], 1);  //edge left
../Core/Src/main.c(200): warning:  #188-D: enumerated type mixed with another type
  	SSD1306_DrawLine(areaEdge_x[0], areaEdge_y[1], areaEdge_x[1],  areaEdge_y[1], 1);  //edge bottom
../Core/Src/main.c(201): warning:  #188-D: enumerated type mixed with another type
  	SSD1306_DrawLine(areaEdge_x[1], areaEdge_y[0], areaEdge_x[1],  areaEdge_y[1], 1);	 //edge right
../Core/Src/main.c(213): warning:  #188-D: enumerated type mixed with another type
  	SSD1306_Puts(str_user_score,&Font_11x18,1);
../Core/Src/main.c(214): warning:  #188-D: enumerated type mixed with another type
  	SSD1306_DrawLine(0,15, 128, 15, 1);
../Core/Src/main.c(252): warning:  #188-D: enumerated type mixed with another type
  	SSD1306_Puts("Score: ",&Font_11x18,1);
../Core/Src/main.c(255): warning:  #188-D: enumerated type mixed with another type
  	SSD1306_Puts(str_user_score,&Font_11x18,1);
../Core/Src/main.c(258): warning:  #188-D: enumerated type mixed with another type
  	SSD1306_Puts("GAME",&Font_11x18,1);
../Core/Src/main.c(260): warning:  #188-D: enumerated type mixed with another type
  	SSD1306_Puts("OVER",&Font_11x18,1);
../Core/Src/main.c(270): warning:  #188-D: enumerated type mixed with another type
  	SSD1306_Puts("Top score: ",&Font_11x18,1);
../Core/Src/main.c(274): warning:  #188-D: enumerated type mixed with another type
  		SSD1306_Puts(str_user_score,&Font_7x10,1);
../Core/Src/main.c(275): warning:  #188-D: enumerated type mixed with another type
  		SSD1306_Puts("->",&Font_7x10,1);
../Core/Src/main.c(278): warning:  #188-D: enumerated type mixed with another type
  		SSD1306_Puts(str_user_score,&Font_7x10,1);
../Core/Src/main.c(377): warning:  #188-D: enumerated type mixed with another type
  		SSD1306_DrawFilledCircle(100,20, 2 ,0);
../Core/Src/main.c(379): warning:  #188-D: enumerated type mixed with another type
  		SSD1306_DrawFilledCircle(100,35, 2 ,1);
../Core/Src/main.c(384): warning:  #188-D: enumerated type mixed with another type
  		SSD1306_DrawFilledCircle(100,35, 2 ,0);
../Core/Src/main.c(386): warning:  #188-D: enumerated type mixed with another type
  		SSD1306_DrawFilledCircle(100,20, 2 ,1);
../Core/Src/main.c(396): warning:  #188-D: enumerated type mixed with another type
  	SSD1306_DrawFilledCircle(prey_x,prey_y, 1 ,1);
../Core/Src/main.c(401): warning:  #188-D: enumerated type mixed with another type
  	SSD1306_DrawFilledCircle(prey_x,prey_y, 1 ,0);
../Core/Src/main.c(417): warning:  #188-D: enumerated type mixed with another type
  		SSD1306_DrawFilledRectangle(predator_x-predator_size/2, predator_y-predator_size/2, predator_size, predator_size, 1);  
../Core/Src/main.c(419): warning:  #188-D: enumerated type mixed with another type
  		SSD1306_DrawLine(predator_x-predator_size/2, predator_y-1, predator_x,  predator_y-1, predator_mount);
../Core/Src/main.c(420): warning:  #188-D: enumerated type mixed with another type
  		SSD1306_DrawLine(predator_x-predator_size/2, predator_y, predator_x,  predator_y, predator_mount);
../Core/Src/main.c(421): warning:  #188-D: enumerated type mixed with another type
  		SSD1306_DrawLine(predator_x-predator_size/2, predator_y+1, predator_x,  predator_y+1, predator_mount);
../Core/Src/main.c(422): warning:  #188-D: enumerated type mixed with another type
  		SSD1306_DrawLine(predator_x-predator_size/2, predator_y+2, predator_x,  predator_y+2, predator_mount);
../Core/Src/main.c(426): warning:  #188-D: enumerated type mixed with another type
  		SSD1306_DrawFilledRectangle(predator_x-predator_size/2, predator_y-predator_size/2, predator_size, predator_size, 1);  
../Core/Src/main.c(428): warning:  #188-D: enumerated type mixed with another type
  		SSD1306_DrawLine(predator_x, predator_y-1, predator_x+predator_size/2,  predator_y-1, predator_mount);
../Core/Src/main.c(429): warning:  #188-D: enumerated type mixed with another type
  		SSD1306_DrawLine(predator_x, predator_y, predator_x+predator_size/2,  predator_y, predator_mount);
../Core/Src/main.c(430): warning:  #188-D: enumerated type mixed with another type
  		SSD1306_DrawLine(predator_x, predator_y+1, predator_x+predator_size/2,  predator_y+1, predator_mount);
../Core/Src/main.c(431): warning:  #188-D: enumerated type mixed with another type
  		SSD1306_DrawLine(predator_x, predator_y+2, predator_x+predator_size/2,  predator_y+2, predator_mount);
../Core/Src/main.c(435): warning:  #188-D: enumerated type mixed with another type
  		SSD1306_DrawFilledRectangle(predator_x-predator_size/2, predator_y-predator_size/2, predator_size, predator_size, 1);  
../Core/Src/main.c(437): warning:  #188-D: enumerated type mixed with another type
  		SSD1306_DrawLine(predator_x-1, predator_y, predator_x-1,  predator_y-predator_size/2, predator_mount);
../Core/Src/main.c(438): warning:  #188-D: enumerated type mixed with another type
  		SSD1306_DrawLine(predator_x, predator_y, predator_x,  predator_y-predator_size/2, predator_mount);
../Core/Src/main.c(439): warning:  #188-D: enumerated type mixed with another type
  		SSD1306_DrawLine(predator_x+1, predator_y, predator_x+1,  predator_y-predator_size/2, predator_mount);
../Core/Src/main.c(440): warning:  #188-D: enumerated type mixed with another type
  		SSD1306_DrawLine(predator_x+2, predator_y, predator_x+2,  predator_y-predator_size/2, predator_mount);
../Core/Src/main.c(444): warning:  #188-D: enumerated type mixed with another type
  		SSD1306_DrawFilledRectangle(predator_x-predator_size/2, predator_y-predator_size/2, predator_size, predator_size, 1);   
../Core/Src/main.c(446): warning:  #188-D: enumerated type mixed with another type
  		SSD1306_DrawLine(predator_x-1, predator_y, predator_x-1,  predator_y+predator_size/2, predator_mount);
../Core/Src/main.c(447): warning:  #188-D: enumerated type mixed with another type
  		SSD1306_DrawLine(predator_x, predator_y, predator_x,  predator_y+predator_size/2, predator_mount);
../Core/Src/main.c(448): warning:  #188-D: enumerated type mixed with another type
  		SSD1306_DrawLine(predator_x+1, predator_y, predator_x+1,  predator_y+predator_size/2, predator_mount);
../Core/Src/main.c(449): warning:  #188-D: enumerated type mixed with another type
  		SSD1306_DrawLine(predator_x+2, predator_y, predator_x+2,  predator_y+predator_size/2, predator_mount);
../Core/Src/main.c(454): warning:  #188-D: enumerated type mixed with another type
  	SSD1306_DrawFilledRectangle(predator_x-predator_size/2, predator_y-predator_size/2, predator_size, predator_size, 0);   
../Core/Src/main.c: 61 warnings, 0 errors
linking...
Program Size: Code=10884 RO-data=10552 RW-data=272 ZI-data=2248  
FromELF: creating hex file...
"OLED_I2C\OLED_I2C.axf" - 0 Error(s), 61 Warning(s).

<h2>Software Packages used:</h2>

Package Vendor: ARM
                http://www.keil.com/pack/ARM.CMSIS.4.5.0.pack
                ARM::CMSIS:CORE:4.3.0
                CMSIS (Cortex Microcontroller Software Interface Standard)
   * Component: CORE Version: 4.3.0

<h2>Collection of Component include folders:</h2>
  F:\HWNG FILES\Project\Project Pacman STM32\OLED_I2C\MDK-ARM\RTE
  C:\Keil_v5\ARM\PACK\ARM\CMSIS\4.5.0\CMSIS\Include
  C:\Keil_v5\ARM\PACK\Keil\STM32F1xx_DFP\2.2.0\Device\Include

<h2>Collection of Component Files used:</h2>

   * Component: ARM::CMSIS:CORE:4.3.0
Build Time Elapsed:  00:00:02
</pre>
</body>
</html>
