Component: ARM Compiler 5.06 update 1 (build 61) Tool: armlink [4d35a8]

==============================================================================

Section Cross References

    startup_stm32f103xb.o(RESET) refers to startup_stm32f103xb.o(STACK) for __initial_sp
    startup_stm32f103xb.o(RESET) refers to startup_stm32f103xb.o(.text) for Reset_Handler
    startup_stm32f103xb.o(RESET) refers to stm32f1xx_it.o(i.NMI_Handler) for NMI_Handler
    startup_stm32f103xb.o(RESET) refers to stm32f1xx_it.o(i.HardFault_Handler) for HardFault_Handler
    startup_stm32f103xb.o(RESET) refers to stm32f1xx_it.o(i.MemManage_Handler) for MemManage_Handler
    startup_stm32f103xb.o(RESET) refers to stm32f1xx_it.o(i.BusFault_Handler) for BusFault_Handler
    startup_stm32f103xb.o(RESET) refers to stm32f1xx_it.o(i.UsageFault_Handler) for UsageFault_Handler
    startup_stm32f103xb.o(RESET) refers to stm32f1xx_it.o(i.SVC_Handler) for SVC_Handler
    startup_stm32f103xb.o(RESET) refers to stm32f1xx_it.o(i.DebugMon_Handler) for DebugMon_Handler
    startup_stm32f103xb.o(RESET) refers to stm32f1xx_it.o(i.PendSV_Handler) for PendSV_Handler
    startup_stm32f103xb.o(RESET) refers to stm32f1xx_it.o(i.SysTick_Handler) for SysTick_Handler
    startup_stm32f103xb.o(RESET) refers to stm32f1xx_it.o(i.EXTI2_IRQHandler) for EXTI2_IRQHandler
    startup_stm32f103xb.o(RESET) refers to stm32f1xx_it.o(i.EXTI3_IRQHandler) for EXTI3_IRQHandler
    startup_stm32f103xb.o(RESET) refers to stm32f1xx_it.o(i.EXTI4_IRQHandler) for EXTI4_IRQHandler
    startup_stm32f103xb.o(RESET) refers to stm32f1xx_it.o(i.EXTI9_5_IRQHandler) for EXTI9_5_IRQHandler
    startup_stm32f103xb.o(RESET) refers to stm32f1xx_it.o(i.TIM3_IRQHandler) for TIM3_IRQHandler
    startup_stm32f103xb.o(.text) refers to system_stm32f1xx.o(i.SystemInit) for SystemInit
    startup_stm32f103xb.o(.text) refers to entry.o(.ARM.Collect$$$$00000000) for __main
    fonts.o(i.FONTS_GetStringSize) refers to strlen.o(.text) for strlen
    fonts.o(.data) refers to fonts.o(.constdata) for Font7x10
    fonts.o(.data) refers to fonts.o(.constdata) for Font11x18
    fonts.o(.data) refers to fonts.o(.constdata) for Font16x26
    ssd1306.o(i.SSD1306_Clear) refers to ssd1306.o(i.SSD1306_Fill) for SSD1306_Fill
    ssd1306.o(i.SSD1306_Clear) refers to ssd1306.o(i.SSD1306_UpdateScreen) for SSD1306_UpdateScreen
    ssd1306.o(i.SSD1306_DrawBitmap) refers to ssd1306.o(i.SSD1306_DrawPixel) for SSD1306_DrawPixel
    ssd1306.o(i.SSD1306_DrawCircle) refers to ssd1306.o(i.SSD1306_DrawPixel) for SSD1306_DrawPixel
    ssd1306.o(i.SSD1306_DrawFilledCircle) refers to ssd1306.o(i.SSD1306_DrawPixel) for SSD1306_DrawPixel
    ssd1306.o(i.SSD1306_DrawFilledCircle) refers to ssd1306.o(i.SSD1306_DrawLine) for SSD1306_DrawLine
    ssd1306.o(i.SSD1306_DrawFilledRectangle) refers to ssd1306.o(i.SSD1306_DrawLine) for SSD1306_DrawLine
    ssd1306.o(i.SSD1306_DrawFilledTriangle) refers to ssd1306.o(i.SSD1306_DrawLine) for SSD1306_DrawLine
    ssd1306.o(i.SSD1306_DrawLine) refers to ssd1306.o(i.SSD1306_DrawPixel) for SSD1306_DrawPixel
    ssd1306.o(i.SSD1306_DrawPixel) refers to ssd1306.o(.data) for .data
    ssd1306.o(i.SSD1306_DrawPixel) refers to ssd1306.o(.bss) for .bss
    ssd1306.o(i.SSD1306_DrawRectangle) refers to ssd1306.o(i.SSD1306_DrawLine) for SSD1306_DrawLine
    ssd1306.o(i.SSD1306_DrawTriangle) refers to ssd1306.o(i.SSD1306_DrawLine) for SSD1306_DrawLine
    ssd1306.o(i.SSD1306_Fill) refers to memseta.o(.text) for __aeabi_memset
    ssd1306.o(i.SSD1306_Fill) refers to ssd1306.o(.bss) for .bss
    ssd1306.o(i.SSD1306_GotoXY) refers to ssd1306.o(.data) for .data
    ssd1306.o(i.SSD1306_Init) refers to ssd1306.o(i.ssd1306_I2C_Init) for ssd1306_I2C_Init
    ssd1306.o(i.SSD1306_Init) refers to stm32f1xx_hal_i2c.o(i.HAL_I2C_IsDeviceReady) for HAL_I2C_IsDeviceReady
    ssd1306.o(i.SSD1306_Init) refers to ssd1306.o(i.ssd1306_I2C_Write) for ssd1306_I2C_Write
    ssd1306.o(i.SSD1306_Init) refers to ssd1306.o(i.SSD1306_Fill) for SSD1306_Fill
    ssd1306.o(i.SSD1306_Init) refers to ssd1306.o(i.SSD1306_UpdateScreen) for SSD1306_UpdateScreen
    ssd1306.o(i.SSD1306_Init) refers to main.o(.bss) for hi2c2
    ssd1306.o(i.SSD1306_Init) refers to ssd1306.o(.data) for .data
    ssd1306.o(i.SSD1306_InvertDisplay) refers to ssd1306.o(i.ssd1306_I2C_Write) for ssd1306_I2C_Write
    ssd1306.o(i.SSD1306_OFF) refers to ssd1306.o(i.ssd1306_I2C_Write) for ssd1306_I2C_Write
    ssd1306.o(i.SSD1306_ON) refers to ssd1306.o(i.ssd1306_I2C_Write) for ssd1306_I2C_Write
    ssd1306.o(i.SSD1306_Putc) refers to ssd1306.o(i.SSD1306_DrawPixel) for SSD1306_DrawPixel
    ssd1306.o(i.SSD1306_Putc) refers to ssd1306.o(.data) for .data
    ssd1306.o(i.SSD1306_Puts) refers to ssd1306.o(i.SSD1306_Putc) for SSD1306_Putc
    ssd1306.o(i.SSD1306_ScrollLeft) refers to ssd1306.o(i.ssd1306_I2C_Write) for ssd1306_I2C_Write
    ssd1306.o(i.SSD1306_ScrollRight) refers to ssd1306.o(i.ssd1306_I2C_Write) for ssd1306_I2C_Write
[...]
    Removing stm32f1xx_hal_i2c.o(i.I2C_Slave_STOPF), (348 bytes).
    Removing stm32f1xx_hal_i2c.o(i.I2C_WaitOnRXNEFlagUntilTimeout), (102 bytes).
    Removing stm32f1xx_hal.o(.rev16_text), (4 bytes).
    Removing stm32f1xx_hal.o(.revsh_text), (4 bytes).
    Removing stm32f1xx_hal.o(.rrx_text), (6 bytes).
    Removing stm32f1xx_hal.o(i.HAL_DBGMCU_DisableDBGSleepMode), (16 bytes).
    Removing stm32f1xx_hal.o(i.HAL_DBGMCU_DisableDBGStandbyMode), (16 bytes).
    Removing stm32f1xx_hal.o(i.HAL_DBGMCU_DisableDBGStopMode), (16 bytes).
    Removing stm32f1xx_hal.o(i.HAL_DBGMCU_EnableDBGSleepMode), (16 bytes).
    Removing stm32f1xx_hal.o(i.HAL_DBGMCU_EnableDBGStandbyMode), (16 bytes).
    Removing stm32f1xx_hal.o(i.HAL_DBGMCU_EnableDBGStopMode), (16 bytes).
    Removing stm32f1xx_hal.o(i.HAL_DeInit), (32 bytes).
    Removing stm32f1xx_hal.o(i.HAL_GetDEVID), (16 bytes).
    Removing stm32f1xx_hal.o(i.HAL_GetHalVersion), (8 bytes).
    Removing stm32f1xx_hal.o(i.HAL_GetREVID), (12 bytes).
    Removing stm32f1xx_hal.o(i.HAL_GetTickFreq), (12 bytes).
    Removing stm32f1xx_hal.o(i.HAL_GetTickPrio), (12 bytes).
    Removing stm32f1xx_hal.o(i.HAL_GetUIDw0), (12 bytes).
    Removing stm32f1xx_hal.o(i.HAL_GetUIDw1), (12 bytes).
    Removing stm32f1xx_hal.o(i.HAL_GetUIDw2), (12 bytes).
    Removing stm32f1xx_hal.o(i.HAL_MspDeInit), (2 bytes).
    Removing stm32f1xx_hal.o(i.HAL_MspInit), (2 bytes).
    Removing stm32f1xx_hal.o(i.HAL_ResumeTick), (14 bytes).
    Removing stm32f1xx_hal.o(i.HAL_SetTickFreq), (36 bytes).
    Removing stm32f1xx_hal.o(i.HAL_SuspendTick), (14 bytes).
    Removing stm32f1xx_hal_rcc.o(.rev16_text), (4 bytes).
    Removing stm32f1xx_hal_rcc.o(.revsh_text), (4 bytes).
    Removing stm32f1xx_hal_rcc.o(.rrx_text), (6 bytes).
    Removing stm32f1xx_hal_rcc.o(i.HAL_RCC_CSSCallback), (2 bytes).
    Removing stm32f1xx_hal_rcc.o(i.HAL_RCC_DeInit), (220 bytes).
    Removing stm32f1xx_hal_rcc.o(i.HAL_RCC_DisableCSS), (12 bytes).
    Removing stm32f1xx_hal_rcc.o(i.HAL_RCC_EnableCSS), (12 bytes).
    Removing stm32f1xx_hal_rcc.o(i.HAL_RCC_GetClockConfig), (64 bytes).
    Removing stm32f1xx_hal_rcc.o(i.HAL_RCC_GetHCLKFreq), (12 bytes).
    Removing stm32f1xx_hal_rcc.o(i.HAL_RCC_GetOscConfig), (144 bytes).
    Removing stm32f1xx_hal_rcc.o(i.HAL_RCC_GetPCLK2Freq), (32 bytes).
    Removing stm32f1xx_hal_rcc.o(i.HAL_RCC_MCOConfig), (72 bytes).
    Removing stm32f1xx_hal_rcc.o(i.HAL_RCC_NMI_IRQHandler), (24 bytes).
    Removing stm32f1xx_hal_rcc_ex.o(.rev16_text), (4 bytes).
    Removing stm32f1xx_hal_rcc_ex.o(.revsh_text), (4 bytes).
    Removing stm32f1xx_hal_rcc_ex.o(.rrx_text), (6 bytes).
    Removing stm32f1xx_hal_rcc_ex.o(i.HAL_RCCEx_GetPeriphCLKConfig), (44 bytes).
    Removing stm32f1xx_hal_rcc_ex.o(i.HAL_RCCEx_GetPeriphCLKFreq), (200 bytes).
    Removing stm32f1xx_hal_rcc_ex.o(i.HAL_RCCEx_PeriphCLKConfig), (236 bytes).
    Removing stm32f1xx_hal_gpio.o(.rev16_text), (4 bytes).
    Removing stm32f1xx_hal_gpio.o(.revsh_text), (4 bytes).
    Removing stm32f1xx_hal_gpio.o(.rrx_text), (6 bytes).
    Removing stm32f1xx_hal_gpio.o(i.HAL_GPIO_DeInit), (252 bytes).
    Removing stm32f1xx_hal_gpio.o(i.HAL_GPIO_EXTI_Callback), (2 bytes).
    Removing stm32f1xx_hal_gpio.o(i.HAL_GPIO_LockPin), (34 bytes).
    Removing stm32f1xx_hal_gpio.o(i.HAL_GPIO_ReadPin), (10 bytes).
    Removing stm32f1xx_hal_gpio.o(i.HAL_GPIO_TogglePin), (16 bytes).
    Removing stm32f1xx_hal_dma.o(.rev16_text), (4 bytes).
    Removing stm32f1xx_hal_dma.o(.revsh_text), (4 bytes).
    Removing stm32f1xx_hal_dma.o(.rrx_text), (6 bytes).
    Removing stm32f1xx_hal_dma.o(i.DMA_SetConfig), (42 bytes).
    Removing stm32f1xx_hal_dma.o(i.HAL_DMA_Abort), (70 bytes).
    Removing stm32f1xx_hal_dma.o(i.HAL_DMA_Abort_IT), (152 bytes).
    Removing stm32f1xx_hal_dma.o(i.HAL_DMA_DeInit), (92 bytes).
    Removing stm32f1xx_hal_dma.o(i.HAL_DMA_GetError), (4 bytes).
    Removing stm32f1xx_hal_dma.o(i.HAL_DMA_GetState), (6 bytes).
    Removing stm32f1xx_hal_dma.o(i.HAL_DMA_IRQHandler), (340 bytes).
    Removing stm32f1xx_hal_dma.o(i.HAL_DMA_Init), (92 bytes).
    Removing stm32f1xx_hal_dma.o(i.HAL_DMA_PollForTransfer), (532 bytes).
    Removing stm32f1xx_hal_dma.o(i.HAL_DMA_RegisterCallback), (74 bytes).
    Removing stm32f1xx_hal_dma.o(i.HAL_DMA_Start), (80 bytes).
    Removing stm32f1xx_hal_dma.o(i.HAL_DMA_Start_IT), (112 bytes).
    Removing stm32f1xx_hal_dma.o(i.HAL_DMA_UnRegisterCallback), (82 bytes).
    Removing stm32f1xx_hal_cortex.o(.rev16_text), (4 bytes).
    Removing stm32f1xx_hal_cortex.o(.revsh_text), (4 bytes).
    Removing stm32f1xx_hal_cortex.o(.rrx_text), (6 bytes).
    Removing stm32f1xx_hal_cortex.o(i.HAL_NVIC_ClearPendingIRQ), (26 bytes).
    Removing stm32f1xx_hal_cortex.o(i.HAL_NVIC_DisableIRQ), (34 bytes).
    Removing stm32f1xx_hal_cortex.o(i.HAL_NVIC_GetActive), (36 bytes).
    Removing stm32f1xx_hal_cortex.o(i.HAL_NVIC_GetPendingIRQ), (36 bytes).
    Removing stm32f1xx_hal_cortex.o(i.HAL_NVIC_GetPriority), (82 bytes).
    Removing stm32f1xx_hal_cortex.o(i.HAL_NVIC_GetPriorityGrouping), (16 bytes).
    Removing stm32f1xx_hal_cortex.o(i.HAL_NVIC_SetPendingIRQ), (26 bytes).
    Removing stm32f1xx_hal_cortex.o(i.HAL_NVIC_SystemReset), (36 bytes).
    Removing stm32f1xx_hal_cortex.o(i.HAL_SYSTICK_CLKSourceConfig), (24 bytes).
    Removing stm32f1xx_hal_cortex.o(i.HAL_SYSTICK_Callback), (2 bytes).
    Removing stm32f1xx_hal_cortex.o(i.HAL_SYSTICK_IRQHandler), (8 bytes).
    Removing stm32f1xx_hal_pwr.o(.rev16_text), (4 bytes).
    Removing stm32f1xx_hal_pwr.o(.revsh_text), (4 bytes).
    Removing stm32f1xx_hal_pwr.o(.rrx_text), (6 bytes).
    Removing stm32f1xx_hal_pwr.o(i.HAL_PWR_ConfigPVD), (124 bytes).
    Removing stm32f1xx_hal_pwr.o(i.HAL_PWR_DeInit), (24 bytes).
    Removing stm32f1xx_hal_pwr.o(i.HAL_PWR_DisableBkUpAccess), (12 bytes).
    Removing stm32f1xx_hal_pwr.o(i.HAL_PWR_DisablePVD), (12 bytes).
    Removing stm32f1xx_hal_pwr.o(i.HAL_PWR_DisableSEVOnPend), (16 bytes).
    Removing stm32f1xx_hal_pwr.o(i.HAL_PWR_DisableSleepOnExit), (16 bytes).
    Removing stm32f1xx_hal_pwr.o(i.HAL_PWR_DisableWakeUpPin), (28 bytes).
    Removing stm32f1xx_hal_pwr.o(i.HAL_PWR_EnableBkUpAccess), (12 bytes).
    Removing stm32f1xx_hal_pwr.o(i.HAL_PWR_EnablePVD), (12 bytes).
    Removing stm32f1xx_hal_pwr.o(i.HAL_PWR_EnableSEVOnPend), (16 bytes).
    Removing stm32f1xx_hal_pwr.o(i.HAL_PWR_EnableSleepOnExit), (16 bytes).
    Removing stm32f1xx_hal_pwr.o(i.HAL_PWR_EnableWakeUpPin), (28 bytes).
    Removing stm32f1xx_hal_pwr.o(i.HAL_PWR_EnterSLEEPMode), (32 bytes).
    Removing stm32f1xx_hal_pwr.o(i.HAL_PWR_EnterSTANDBYMode), (32 bytes).
    Removing stm32f1xx_hal_pwr.o(i.HAL_PWR_EnterSTOPMode), (68 bytes).
    Removing stm32f1xx_hal_pwr.o(i.HAL_PWR_PVDCallback), (2 bytes).
    Removing stm32f1xx_hal_pwr.o(i.HAL_PWR_PVD_IRQHandler), (28 bytes).
    Removing stm32f1xx_hal_pwr.o(i.PWR_OverloadWfe), (6 bytes).
    Removing stm32f1xx_hal_flash.o(.rev16_text), (4 bytes).
    Removing stm32f1xx_hal_flash.o(.revsh_text), (4 bytes).
    Removing stm32f1xx_hal_flash.o(.rrx_text), (6 bytes).
    Removing stm32f1xx_hal_flash.o(i.HAL_FLASH_EndOfOperationCallback), (2 bytes).
    Removing stm32f1xx_hal_flash.o(i.HAL_FLASH_GetError), (12 bytes).
    Removing stm32f1xx_hal_flash.o(i.HAL_FLASH_IRQHandler), (264 bytes).
    Removing stm32f1xx_hal_flash.o(i.HAL_FLASH_OB_Launch), (4 bytes).
    Removing stm32f1xx_hal_flash.o(i.HAL_FLASH_OB_Lock), (20 bytes).
    Removing stm32f1xx_hal_flash.o(i.HAL_FLASH_OB_Unlock), (36 bytes).
    Removing stm32f1xx_hal_flash.o(i.HAL_FLASH_OperationErrorCallback), (2 bytes).
    Removing stm32f1xx_hal_flash.o(i.HAL_FLASH_Program_IT), (100 bytes).
    Removing stm32f1xx_hal_flash_ex.o(.rev16_text), (4 bytes).
    Removing stm32f1xx_hal_flash_ex.o(.revsh_text), (4 bytes).
    Removing stm32f1xx_hal_flash_ex.o(.rrx_text), (6 bytes).
    Removing stm32f1xx_hal_flash_ex.o(i.FLASH_MassErase), (36 bytes).
    Removing stm32f1xx_hal_flash_ex.o(i.FLASH_OB_DisableWRP), (176 bytes).
    Removing stm32f1xx_hal_flash_ex.o(i.FLASH_OB_EnableWRP), (176 bytes).
    Removing stm32f1xx_hal_flash_ex.o(i.FLASH_OB_GetRDP), (24 bytes).
    Removing stm32f1xx_hal_flash_ex.o(i.FLASH_OB_RDP_LevelConfig), (100 bytes).
    Removing stm32f1xx_hal_flash_ex.o(i.FLASH_PageErase), (36 bytes).
    Removing stm32f1xx_hal_flash_ex.o(i.HAL_FLASHEx_Erase), (168 bytes).
    Removing stm32f1xx_hal_flash_ex.o(i.HAL_FLASHEx_Erase_IT), (84 bytes).
    Removing stm32f1xx_hal_flash_ex.o(i.HAL_FLASHEx_OBErase), (84 bytes).
    Removing stm32f1xx_hal_flash_ex.o(i.HAL_FLASHEx_OBGetConfig), (36 bytes).
    Removing stm32f1xx_hal_flash_ex.o(i.HAL_FLASHEx_OBGetUserData), (32 bytes).
    Removing stm32f1xx_hal_flash_ex.o(i.HAL_FLASHEx_OBProgram), (200 bytes).
    Removing stm32f1xx_hal_exti.o(.rev16_text), (4 bytes).
    Removing stm32f1xx_hal_exti.o(.revsh_text), (4 bytes).
    Removing stm32f1xx_hal_exti.o(.rrx_text), (6 bytes).
    Removing stm32f1xx_hal_exti.o(i.HAL_EXTI_ClearConfigLine), (104 bytes).
    Removing stm32f1xx_hal_exti.o(i.HAL_EXTI_ClearPending), (20 bytes).
    Removing stm32f1xx_hal_exti.o(i.HAL_EXTI_GenerateSWI), (20 bytes).
    Removing stm32f1xx_hal_exti.o(i.HAL_EXTI_GetConfigLine), (144 bytes).
    Removing stm32f1xx_hal_exti.o(i.HAL_EXTI_GetHandle), (12 bytes).
    Removing stm32f1xx_hal_exti.o(i.HAL_EXTI_GetPending), (24 bytes).
    Removing stm32f1xx_hal_exti.o(i.HAL_EXTI_IRQHandler), (36 bytes).
    Removing stm32f1xx_hal_exti.o(i.HAL_EXTI_RegisterCallback), (14 bytes).
    Removing stm32f1xx_hal_exti.o(i.HAL_EXTI_SetConfigLine), (164 bytes).
    Removing stm32f1xx_hal_tim.o(.rev16_text), (4 bytes).
    Removing stm32f1xx_hal_tim.o(.revsh_text), (4 bytes).
    Removing stm32f1xx_hal_tim.o(.rrx_text), (6 bytes).
    Removing stm32f1xx_hal_tim.o(i.HAL_TIM_Base_DeInit), (92 bytes).
    Removing stm32f1xx_hal_tim.o(i.HAL_TIM_Base_GetState), (6 bytes).
    Removing stm32f1xx_hal_tim.o(i.HAL_TIM_Base_MspDeInit), (2 bytes).
    Removing stm32f1xx_hal_tim.o(i.HAL_TIM_Base_MspInit), (2 bytes).
    Removing stm32f1xx_hal_tim.o(i.HAL_TIM_Base_Start), (80 bytes).
    Removing stm32f1xx_hal_tim.o(i.HAL_TIM_Base_Start_DMA), (152 bytes).
    Removing stm32f1xx_hal_tim.o(i.HAL_TIM_Base_Stop), (38 bytes).
    Removing stm32f1xx_hal_tim.o(i.HAL_TIM_Base_Stop_DMA), (58 bytes).
    Removing stm32f1xx_hal_tim.o(i.HAL_TIM_Base_Stop_IT), (48 bytes).
    Removing stm32f1xx_hal_tim.o(i.HAL_TIM_ConfigOCrefClear), (210 bytes).
    Removing stm32f1xx_hal_tim.o(i.HAL_TIM_ConfigTI1Input), (16 bytes).
    Removing stm32f1xx_hal_tim.o(i.HAL_TIM_DMABurstState), (6 bytes).
    Removing stm32f1xx_hal_tim.o(i.HAL_TIM_DMABurst_MultiReadStart), (324 bytes).
    Removing stm32f1xx_hal_tim.o(i.HAL_TIM_DMABurst_MultiWriteStart), (324 bytes).
    Removing stm32f1xx_hal_tim.o(i.HAL_TIM_DMABurst_ReadStart), (18 bytes).
    Removing stm32f1xx_hal_tim.o(i.HAL_TIM_DMABurst_ReadStop), (102 bytes).
    Removing stm32f1xx_hal_tim.o(i.HAL_TIM_DMABurst_WriteStart), (18 bytes).
    Removing stm32f1xx_hal_tim.o(i.HAL_TIM_DMABurst_WriteStop), (102 bytes).
    Removing stm32f1xx_hal_tim.o(i.HAL_TIM_Encoder_DeInit), (76 bytes).
    Removing stm32f1xx_hal_tim.o(i.HAL_TIM_Encoder_GetState), (6 bytes).
    Removing stm32f1xx_hal_tim.o(i.HAL_TIM_Encoder_Init), (164 bytes).
    Removing stm32f1xx_hal_tim.o(i.HAL_TIM_Encoder_MspDeInit), (2 bytes).
    Removing stm32f1xx_hal_tim.o(i.HAL_TIM_Encoder_MspInit), (2 bytes).
    Removing stm32f1xx_hal_tim.o(i.HAL_TIM_Encoder_Start), (142 bytes).
    Removing stm32f1xx_hal_tim.o(i.HAL_TIM_Encoder_Start_DMA), (460 bytes).
    Removing stm32f1xx_hal_tim.o(i.HAL_TIM_Encoder_Start_IT), (182 bytes).
    Removing stm32f1xx_hal_tim.o(i.HAL_TIM_Encoder_Stop), (102 bytes).
    Removing stm32f1xx_hal_tim.o(i.HAL_TIM_Encoder_Stop_DMA), (172 bytes).
    Removing stm32f1xx_hal_tim.o(i.HAL_TIM_Encoder_Stop_IT), (144 bytes).
    Removing stm32f1xx_hal_tim.o(i.HAL_TIM_ErrorCallback), (2 bytes).
    Removing stm32f1xx_hal_tim.o(i.HAL_TIM_GenerateEvent), (38 bytes).
    Removing stm32f1xx_hal_tim.o(i.HAL_TIM_GetActiveChannel), (4 bytes).
    Removing stm32f1xx_hal_tim.o(i.HAL_TIM_GetChannelState), (34 bytes).
    Removing stm32f1xx_hal_tim.o(i.HAL_TIM_IC_CaptureHalfCpltCallback), (2 bytes).
    Removing stm32f1xx_hal_tim.o(i.HAL_TIM_IC_ConfigChannel), (270 bytes).
    Removing stm32f1xx_hal_tim.o(i.HAL_TIM_IC_DeInit), (92 bytes).
    Removing stm32f1xx_hal_tim.o(i.HAL_TIM_IC_GetState), (6 bytes).
    Removing stm32f1xx_hal_tim.o(i.HAL_TIM_IC_Init), (90 bytes).
    Removing stm32f1xx_hal_tim.o(i.HAL_TIM_IC_MspDeInit), (2 bytes).
    Removing stm32f1xx_hal_tim.o(i.HAL_TIM_IC_MspInit), (2 bytes).
    Removing stm32f1xx_hal_tim.o(i.HAL_TIM_IC_Start), (184 bytes).
    Removing stm32f1xx_hal_tim.o(i.HAL_TIM_IC_Start_DMA), (404 bytes).
    Removing stm32f1xx_hal_tim.o(i.HAL_TIM_IC_Start_IT), (224 bytes).
    Removing stm32f1xx_hal_tim.o(i.HAL_TIM_IC_Stop), (82 bytes).
    Removing stm32f1xx_hal_tim.o(i.HAL_TIM_IC_Stop_DMA), (156 bytes).
    Removing stm32f1xx_hal_tim.o(i.HAL_TIM_IC_Stop_IT), (134 bytes).
    Removing stm32f1xx_hal_tim.o(i.HAL_TIM_OC_ConfigChannel), (76 bytes).
    Removing stm32f1xx_hal_tim.o(i.HAL_TIM_OC_DeInit), (92 bytes).
    Removing stm32f1xx_hal_tim.o(i.HAL_TIM_OC_GetState), (6 bytes).
    Removing stm32f1xx_hal_tim.o(i.HAL_TIM_OC_Init), (90 bytes).
    Removing stm32f1xx_hal_tim.o(i.HAL_TIM_OC_MspDeInit), (2 bytes).
    Removing stm32f1xx_hal_tim.o(i.HAL_TIM_OC_MspInit), (2 bytes).
    Removing stm32f1xx_hal_tim.o(i.HAL_TIM_OC_Start), (156 bytes).
    Removing stm32f1xx_hal_tim.o(i.HAL_TIM_OC_Start_DMA), (388 bytes).
    Removing stm32f1xx_hal_tim.o(i.HAL_TIM_OC_Start_IT), (196 bytes).
    Removing stm32f1xx_hal_tim.o(i.HAL_TIM_OC_Stop), (112 bytes).
    Removing stm32f1xx_hal_tim.o(i.HAL_TIM_OC_Stop_DMA), (184 bytes).
    Removing stm32f1xx_hal_tim.o(i.HAL_TIM_OC_Stop_IT), (164 bytes).
    Removing stm32f1xx_hal_tim.o(i.HAL_TIM_OnePulse_ConfigChannel), (218 bytes).
    Removing stm32f1xx_hal_tim.o(i.HAL_TIM_OnePulse_DeInit), (76 bytes).
    Removing stm32f1xx_hal_tim.o(i.HAL_TIM_OnePulse_GetState), (6 bytes).
    Removing stm32f1xx_hal_tim.o(i.HAL_TIM_OnePulse_Init), (86 bytes).
    Removing stm32f1xx_hal_tim.o(i.HAL_TIM_OnePulse_MspDeInit), (2 bytes).
    Removing stm32f1xx_hal_tim.o(i.HAL_TIM_OnePulse_MspInit), (2 bytes).
    Removing stm32f1xx_hal_tim.o(i.HAL_TIM_OnePulse_Start), (104 bytes).
    Removing stm32f1xx_hal_tim.o(i.HAL_TIM_OnePulse_Start_IT), (124 bytes).
    Removing stm32f1xx_hal_tim.o(i.HAL_TIM_OnePulse_Stop), (100 bytes).
    Removing stm32f1xx_hal_tim.o(i.HAL_TIM_OnePulse_Stop_IT), (120 bytes).
    Removing stm32f1xx_hal_tim.o(i.HAL_TIM_PWM_ConfigChannel), (198 bytes).
    Removing stm32f1xx_hal_tim.o(i.HAL_TIM_PWM_DeInit), (92 bytes).
    Removing stm32f1xx_hal_tim.o(i.HAL_TIM_PWM_GetState), (6 bytes).
    Removing stm32f1xx_hal_tim.o(i.HAL_TIM_PWM_Init), (90 bytes).
    Removing stm32f1xx_hal_tim.o(i.HAL_TIM_PWM_MspDeInit), (2 bytes).
    Removing stm32f1xx_hal_tim.o(i.HAL_TIM_PWM_MspInit), (2 bytes).
    Removing stm32f1xx_hal_tim.o(i.HAL_TIM_PWM_PulseFinishedHalfCpltCallback), (2 bytes).
    Removing stm32f1xx_hal_tim.o(i.HAL_TIM_PWM_Start), (156 bytes).
    Removing stm32f1xx_hal_tim.o(i.HAL_TIM_PWM_Start_DMA), (388 bytes).
    Removing stm32f1xx_hal_tim.o(i.HAL_TIM_PWM_Start_IT), (196 bytes).
    Removing stm32f1xx_hal_tim.o(i.HAL_TIM_PWM_Stop), (112 bytes).
    Removing stm32f1xx_hal_tim.o(i.HAL_TIM_PWM_Stop_DMA), (184 bytes).
    Removing stm32f1xx_hal_tim.o(i.HAL_TIM_PWM_Stop_IT), (164 bytes).
    Removing stm32f1xx_hal_tim.o(i.HAL_TIM_PeriodElapsedCallback), (2 bytes).
    Removing stm32f1xx_hal_tim.o(i.HAL_TIM_PeriodElapsedHalfCpltCallback), (2 bytes).
    Removing stm32f1xx_hal_tim.o(i.HAL_TIM_ReadCapturedValue), (42 bytes).
    Removing stm32f1xx_hal_tim.o(i.HAL_TIM_SlaveConfigSynchro), (86 bytes).
    Removing stm32f1xx_hal_tim.o(i.HAL_TIM_SlaveConfigSynchro_IT), (86 bytes).
    Removing stm32f1xx_hal_tim.o(i.HAL_TIM_TriggerHalfCpltCallback), (2 bytes).
    Removing stm32f1xx_hal_tim.o(i.TIM_CCxChannelCmd), (26 bytes).
    Removing stm32f1xx_hal_tim.o(i.TIM_DMACaptureCplt), (110 bytes).
    Removing stm32f1xx_hal_tim.o(i.TIM_DMACaptureHalfCplt), (56 bytes).
    Removing stm32f1xx_hal_tim.o(i.TIM_DMADelayPulseCplt), (94 bytes).
    Removing stm32f1xx_hal_tim.o(i.TIM_DMADelayPulseHalfCplt), (56 bytes).
    Removing stm32f1xx_hal_tim.o(i.TIM_DMAError), (84 bytes).
    Removing stm32f1xx_hal_tim.o(i.TIM_DMAPeriodElapsedCplt), (22 bytes).
    Removing stm32f1xx_hal_tim.o(i.TIM_DMAPeriodElapsedHalfCplt), (10 bytes).
    Removing stm32f1xx_hal_tim.o(i.TIM_DMATriggerCplt), (22 bytes).
    Removing stm32f1xx_hal_tim.o(i.TIM_DMATriggerHalfCplt), (10 bytes).
    Removing stm32f1xx_hal_tim.o(i.TIM_OC1_SetConfig), (80 bytes).
    Removing stm32f1xx_hal_tim.o(i.TIM_OC2_SetConfig), (88 bytes).
    Removing stm32f1xx_hal_tim.o(i.TIM_OC3_SetConfig), (88 bytes).
    Removing stm32f1xx_hal_tim.o(i.TIM_OC4_SetConfig), (68 bytes).
    Removing stm32f1xx_hal_tim.o(i.TIM_SlaveTimer_SetConfig), (134 bytes).
    Removing stm32f1xx_hal_tim.o(i.TIM_TI1_SetConfig), (88 bytes).
    Removing stm32f1xx_hal_tim.o(i.TIM_TI2_SetConfig), (54 bytes).
    Removing stm32f1xx_hal_tim_ex.o(.rev16_text), (4 bytes).
    Removing stm32f1xx_hal_tim_ex.o(.revsh_text), (4 bytes).
    Removing stm32f1xx_hal_tim_ex.o(.rrx_text), (6 bytes).
    Removing stm32f1xx_hal_tim_ex.o(i.HAL_TIMEx_CommutHalfCpltCallback), (2 bytes).
    Removing stm32f1xx_hal_tim_ex.o(i.HAL_TIMEx_ConfigBreakDeadTime), (84 bytes).
    Removing stm32f1xx_hal_tim_ex.o(i.HAL_TIMEx_ConfigCommutEvent), (112 bytes).
    Removing stm32f1xx_hal_tim_ex.o(i.HAL_TIMEx_ConfigCommutEvent_DMA), (144 bytes).
    Removing stm32f1xx_hal_tim_ex.o(i.HAL_TIMEx_ConfigCommutEvent_IT), (112 bytes).
    Removing stm32f1xx_hal_tim_ex.o(i.HAL_TIMEx_GetChannelNState), (34 bytes).
    Removing stm32f1xx_hal_tim_ex.o(i.HAL_TIMEx_HallSensor_DeInit), (76 bytes).
    Removing stm32f1xx_hal_tim_ex.o(i.HAL_TIMEx_HallSensor_GetState), (6 bytes).
    Removing stm32f1xx_hal_tim_ex.o(i.HAL_TIMEx_HallSensor_Init), (208 bytes).
    Removing stm32f1xx_hal_tim_ex.o(i.HAL_TIMEx_HallSensor_MspDeInit), (2 bytes).
    Removing stm32f1xx_hal_tim_ex.o(i.HAL_TIMEx_HallSensor_MspInit), (2 bytes).
    Removing stm32f1xx_hal_tim_ex.o(i.HAL_TIMEx_HallSensor_Start), (128 bytes).
    Removing stm32f1xx_hal_tim_ex.o(i.HAL_TIMEx_HallSensor_Start_DMA), (184 bytes).
    Removing stm32f1xx_hal_tim_ex.o(i.HAL_TIMEx_HallSensor_Start_IT), (140 bytes).
    Removing stm32f1xx_hal_tim_ex.o(i.HAL_TIMEx_HallSensor_Stop), (58 bytes).
    Removing stm32f1xx_hal_tim_ex.o(i.HAL_TIMEx_HallSensor_Stop_DMA), (70 bytes).
    Removing stm32f1xx_hal_tim_ex.o(i.HAL_TIMEx_HallSensor_Stop_IT), (68 bytes).
    Removing stm32f1xx_hal_tim_ex.o(i.HAL_TIMEx_OCN_Start), (152 bytes).
    Removing stm32f1xx_hal_tim_ex.o(i.HAL_TIMEx_OCN_Start_DMA), (336 bytes).
    Removing stm32f1xx_hal_tim_ex.o(i.HAL_TIMEx_OCN_Start_IT), (188 bytes).
    Removing stm32f1xx_hal_tim_ex.o(i.HAL_TIMEx_OCN_Stop), (104 bytes).
    Removing stm32f1xx_hal_tim_ex.o(i.HAL_TIMEx_OCN_Stop_DMA), (158 bytes).
    Removing stm32f1xx_hal_tim_ex.o(i.HAL_TIMEx_OCN_Stop_IT), (160 bytes).
    Removing stm32f1xx_hal_tim_ex.o(i.HAL_TIMEx_OnePulseN_Start), (100 bytes).
    Removing stm32f1xx_hal_tim_ex.o(i.HAL_TIMEx_OnePulseN_Start_IT), (120 bytes).
    Removing stm32f1xx_hal_tim_ex.o(i.HAL_TIMEx_OnePulseN_Stop), (98 bytes).
    Removing stm32f1xx_hal_tim_ex.o(i.HAL_TIMEx_OnePulseN_Stop_IT), (120 bytes).
    Removing stm32f1xx_hal_tim_ex.o(i.HAL_TIMEx_PWMN_Start), (152 bytes).
    Removing stm32f1xx_hal_tim_ex.o(i.HAL_TIMEx_PWMN_Start_DMA), (336 bytes).
    Removing stm32f1xx_hal_tim_ex.o(i.HAL_TIMEx_PWMN_Start_IT), (188 bytes).
    Removing stm32f1xx_hal_tim_ex.o(i.HAL_TIMEx_PWMN_Stop), (104 bytes).
    Removing stm32f1xx_hal_tim_ex.o(i.HAL_TIMEx_PWMN_Stop_DMA), (158 bytes).
    Removing stm32f1xx_hal_tim_ex.o(i.HAL_TIMEx_PWMN_Stop_IT), (160 bytes).
    Removing stm32f1xx_hal_tim_ex.o(i.HAL_TIMEx_RemapConfig), (4 bytes).
    Removing stm32f1xx_hal_tim_ex.o(i.TIMEx_DMACommutationCplt), (16 bytes).
    Removing stm32f1xx_hal_tim_ex.o(i.TIMEx_DMACommutationHalfCplt), (16 bytes).
    Removing stm32f1xx_hal_tim_ex.o(i.TIM_CCxNChannelCmd), (26 bytes).
    Removing stm32f1xx_hal_tim_ex.o(i.TIM_DMADelayPulseNCplt), (94 bytes).
    Removing stm32f1xx_hal_tim_ex.o(i.TIM_DMAErrorCCxN), (62 bytes).
    Removing system_stm32f1xx.o(.rev16_text), (4 bytes).
    Removing system_stm32f1xx.o(.revsh_text), (4 bytes).
    Removing system_stm32f1xx.o(.rrx_text), (6 bytes).
    Removing system_stm32f1xx.o(i.SystemCoreClockUpdate), (104 bytes).
    Removing dadd.o(.text), (334 bytes).
    Removing dmul.o(.text), (228 bytes).
    Removing ddiv.o(.text), (222 bytes).
    Removing dfixul.o(.text), (48 bytes).
    Removing cdrcmple.o(.text), (48 bytes).
    Removing depilogue.o(.text), (186 bytes).

414 unused section(s) (total 60289 bytes) removed from the image.

==============================================================================

Image Symbol Table

    Local Symbols

    Symbol Name                              Value     Ov Type        Size  Object(Section)

    ../Core/Src/main.c                       0x00000000   Number         0  main.o ABSOLUTE
    ../Core/Src/stm32f1xx_hal_msp.c          0x00000000   Number         0  stm32f1xx_hal_msp.o ABSOLUTE
    ../Core/Src/stm32f1xx_it.c               0x00000000   Number         0  stm32f1xx_it.o ABSOLUTE
    ../Core/Src/system_stm32f1xx.c           0x00000000   Number         0  system_stm32f1xx.o ABSOLUTE
    ../Drivers/STM32F1xx_HAL_Driver/Src/stm32f1xx_hal.c 0x00000000   Number         0  stm32f1xx_hal.o ABSOLUTE
    ../Drivers/STM32F1xx_HAL_Driver/Src/stm32f1xx_hal_cortex.c 0x00000000   Number         0  stm32f1xx_hal_cortex.o ABSOLUTE
    ../Drivers/STM32F1xx_HAL_Driver/Src/stm32f1xx_hal_dma.c 0x00000000   Number         0  stm32f1xx_hal_dma.o ABSOLUTE
    ../Drivers/STM32F1xx_HAL_Driver/Src/stm32f1xx_hal_exti.c 0x00000000   Number         0  stm32f1xx_hal_exti.o ABSOLUTE
    ../Drivers/STM32F1xx_HAL_Driver/Src/stm32f1xx_hal_flash.c 0x00000000   Number         0  stm32f1xx_hal_flash.o ABSOLUTE
    ../Drivers/STM32F1xx_HAL_Driver/Src/stm32f1xx_hal_flash_ex.c 0x00000000   Number         0  stm32f1xx_hal_flash_ex.o ABSOLUTE
    ../Drivers/STM32F1xx_HAL_Driver/Src/stm32f1xx_hal_gpio.c 0x00000000   Number         0  stm32f1xx_hal_gpio.o ABSOLUTE
    ../Drivers/STM32F1xx_HAL_Driver/Src/stm32f1xx_hal_gpio_ex.c 0x00000000   Number         0  stm32f1xx_hal_gpio_ex.o ABSOLUTE
    ../Drivers/STM32F1xx_HAL_Driver/Src/stm32f1xx_hal_i2c.c 0x00000000   Number         0  stm32f1xx_hal_i2c.o ABSOLUTE
    ../Drivers/STM32F1xx_HAL_Driver/Src/stm32f1xx_hal_pwr.c 0x00000000   Number         0  stm32f1xx_hal_pwr.o ABSOLUTE
    ../Drivers/STM32F1xx_HAL_Driver/Src/stm32f1xx_hal_rcc.c 0x00000000   Number         0  stm32f1xx_hal_rcc.o ABSOLUTE
    ../Drivers/STM32F1xx_HAL_Driver/Src/stm32f1xx_hal_rcc_ex.c 0x00000000   Number         0  stm32f1xx_hal_rcc_ex.o ABSOLUTE
    ../Drivers/STM32F1xx_HAL_Driver/Src/stm32f1xx_hal_tim.c 0x00000000   Number         0  stm32f1xx_hal_tim.o ABSOLUTE
    ../Drivers/STM32F1xx_HAL_Driver/Src/stm32f1xx_hal_tim_ex.c 0x00000000   Number         0  stm32f1xx_hal_tim_ex.o ABSOLUTE
    ../clib/microlib/division.c              0x00000000   Number         0  uldiv.o ABSOLUTE
    ../clib/microlib/division.c              0x00000000   Number         0  uidiv.o ABSOLUTE
    ../clib/microlib/init/entry.s            0x00000000   Number         0  entry9a.o ABSOLUTE
    ../clib/microlib/init/entry.s            0x00000000   Number         0  entry8a.o ABSOLUTE
    ../clib/microlib/init/entry.s            0x00000000   Number         0  entry7b.o ABSOLUTE
    ../clib/microlib/init/entry.s            0x00000000   Number         0  entry7a.o ABSOLUTE
    ../clib/microlib/init/entry.s            0x00000000   Number         0  entry5.o ABSOLUTE
    ../clib/microlib/init/entry.s            0x00000000   Number         0  entry10a.o ABSOLUTE
    ../clib/microlib/init/entry.s            0x00000000   Number         0  entry2.o ABSOLUTE
    ../clib/microlib/init/entry.s            0x00000000   Number         0  entry8b.o ABSOLUTE
    ../clib/microlib/init/entry.s            0x00000000   Number         0  entry.o ABSOLUTE
    ../clib/microlib/init/entry.s            0x00000000   Number         0  entry10b.o ABSOLUTE
    ../clib/microlib/init/entry.s            0x00000000   Number         0  entry11a.o ABSOLUTE
    ../clib/microlib/init/entry.s            0x00000000   Number         0  entry11b.o ABSOLUTE
    ../clib/microlib/init/entry.s            0x00000000   Number         0  entry9b.o ABSOLUTE
    ../clib/microlib/longlong.c              0x00000000   Number         0  llsshr.o ABSOLUTE
    ../clib/microlib/longlong.c              0x00000000   Number         0  llushr.o ABSOLUTE
    ../clib/microlib/longlong.c              0x00000000   Number         0  llshl.o ABSOLUTE
    ../clib/microlib/printf/printf.c         0x00000000   Number         0  printf7.o ABSOLUTE
    ../clib/microlib/printf/printf.c         0x00000000   Number         0  printfb.o ABSOLUTE
    ../clib/microlib/printf/printf.c         0x00000000   Number         0  printfa.o ABSOLUTE
    ../clib/microlib/printf/printf.c         0x00000000   Number         0  printf0.o ABSOLUTE
    ../clib/microlib/printf/printf.c         0x00000000   Number         0  printf2.o ABSOLUTE
    ../clib/microlib/printf/printf.c         0x00000000   Number         0  printf1.o ABSOLUTE
    ../clib/microlib/printf/printf.c         0x00000000   Number         0  printf6.o ABSOLUTE
    ../clib/microlib/printf/printf.c         0x00000000   Number         0  printf3.o ABSOLUTE
    ../clib/microlib/printf/printf.c         0x00000000   Number         0  printf4.o ABSOLUTE
    ../clib/microlib/printf/printf.c         0x00000000   Number         0  printf5.o ABSOLUTE
    ../clib/microlib/printf/printf.c         0x00000000   Number         0  printf8.o ABSOLUTE
    ../clib/microlib/printf/stubs.s          0x00000000   Number         0  stubs.o ABSOLUTE
    ../clib/microlib/stdio/fputc.c           0x00000000   Number         0  fputc.o ABSOLUTE
    ../clib/microlib/stdio/semi.s            0x00000000   Number         0  semi.o ABSOLUTE
    ../clib/microlib/stdio/streams.c         0x00000000   Number         0  stdout.o ABSOLUTE
    ../clib/microlib/string/memset.c         0x00000000   Number         0  memseta.o ABSOLUTE
    ../clib/microlib/string/strlen.c         0x00000000   Number         0  strlen.o ABSOLUTE
    ../clib/microlib/stubs.s                 0x00000000   Number         0  iusefp.o ABSOLUTE
    ../clib/microlib/stubs.s                 0x00000000   Number         0  iusesemip.o ABSOLUTE
    ../fplib/microlib/fpadd.c                0x00000000   Number         0  dadd.o ABSOLUTE
    ../fplib/microlib/fpdiv.c                0x00000000   Number         0  ddiv.o ABSOLUTE
    ../fplib/microlib/fpepilogue.c           0x00000000   Number         0  depilogue.o ABSOLUTE
    ../fplib/microlib/fpfix.c                0x00000000   Number         0  dfixul.o ABSOLUTE
    ../fplib/microlib/fpmul.c                0x00000000   Number         0  dmul.o ABSOLUTE
    ..\Core\Src\fonts.c                      0x00000000   Number         0  fonts.o ABSOLUTE
    ..\Core\Src\main.c                       0x00000000   Number         0  main.o ABSOLUTE
    ..\Core\Src\ssd1306.c                    0x00000000   Number         0  ssd1306.o ABSOLUTE
    ..\Core\Src\stm32f1xx_hal_msp.c          0x00000000   Number         0  stm32f1xx_hal_msp.o ABSOLUTE
    ..\Core\Src\stm32f1xx_it.c               0x00000000   Number         0  stm32f1xx_it.o ABSOLUTE
    ..\Core\Src\system_stm32f1xx.c           0x00000000   Number         0  system_stm32f1xx.o ABSOLUTE
    ..\Core\Src\test.c                       0x00000000   Number         0  test.o ABSOLUTE
    ..\Drivers\STM32F1xx_HAL_Driver\Src\stm32f1xx_hal.c 0x00000000   Number         0  stm32f1xx_hal.o ABSOLUTE
    ..\Drivers\STM32F1xx_HAL_Driver\Src\stm32f1xx_hal_cortex.c 0x00000000   Number         0  stm32f1xx_hal_cortex.o ABSOLUTE
    ..\Drivers\STM32F1xx_HAL_Driver\Src\stm32f1xx_hal_dma.c 0x00000000   Number         0  stm32f1xx_hal_dma.o ABSOLUTE
    ..\Drivers\STM32F1xx_HAL_Driver\Src\stm32f1xx_hal_exti.c 0x00000000   Number         0  stm32f1xx_hal_exti.o ABSOLUTE
    ..\Drivers\STM32F1xx_HAL_Driver\Src\stm32f1xx_hal_flash.c 0x00000000   Number         0  stm32f1xx_hal_flash.o ABSOLUTE
    ..\Drivers\STM32F1xx_HAL_Driver\Src\stm32f1xx_hal_flash_ex.c 0x00000000   Number         0  stm32f1xx_hal_flash_ex.o ABSOLUTE
    ..\Drivers\STM32F1xx_HAL_Driver\Src\stm32f1xx_hal_gpio.c 0x00000000   Number         0  stm32f1xx_hal_gpio.o ABSOLUTE
    ..\Drivers\STM32F1xx_HAL_Driver\Src\stm32f1xx_hal_gpio_ex.c 0x00000000   Number         0  stm32f1xx_hal_gpio_ex.o ABSOLUTE
    ..\Drivers\STM32F1xx_HAL_Driver\Src\stm32f1xx_hal_i2c.c 0x00000000   Number         0  stm32f1xx_hal_i2c.o ABSOLUTE
    ..\Drivers\STM32F1xx_HAL_Driver\Src\stm32f1xx_hal_pwr.c 0x00000000   Number         0  stm32f1xx_hal_pwr.o ABSOLUTE
    ..\Drivers\STM32F1xx_HAL_Driver\Src\stm32f1xx_hal_rcc.c 0x00000000   Number         0  stm32f1xx_hal_rcc.o ABSOLUTE
    ..\Drivers\STM32F1xx_HAL_Driver\Src\stm32f1xx_hal_rcc_ex.c 0x00000000   Number         0  stm32f1xx_hal_rcc_ex.o ABSOLUTE
    ..\Drivers\STM32F1xx_HAL_Driver\Src\stm32f1xx_hal_tim.c 0x00000000   Number         0  stm32f1xx_hal_tim.o ABSOLUTE
    ..\Drivers\STM32F1xx_HAL_Driver\Src\stm32f1xx_hal_tim_ex.c 0x00000000   Number         0  stm32f1xx_hal_tim_ex.o ABSOLUTE
    ..\\Core\\Src\\fonts.c                   0x00000000   Number         0  fonts.o ABSOLUTE
    ..\\Core\\Src\\ssd1306.c                 0x00000000   Number         0  ssd1306.o ABSOLUTE
    ..\\Core\\Src\\test.c                    0x00000000   Number         0  test.o ABSOLUTE
    cdrcmple.s                               0x00000000   Number         0  cdrcmple.o ABSOLUTE
    dc.s                                     0x00000000   Number         0  dc.o ABSOLUTE
    handlers.s                               0x00000000   Number         0  handlers.o ABSOLUTE
    init.s                                   0x00000000   Number         0  init.o ABSOLUTE
    startup_stm32f103xb.s                    0x00000000   Number         0  startup_stm32f103xb.o ABSOLUTE
    RESET                                    0x08000000   Section      236  startup_stm32f103xb.o(RESET)
    .ARM.Collect$$$$00000000                 0x080000ec   Section        0  entry.o(.ARM.Collect$$$$00000000)
    .ARM.Collect$$$$00000001                 0x080000ec   Section        4  entry2.o(.ARM.Collect$$$$00000001)
    .ARM.Collect$$$$00000004                 0x080000f0   Section        4  entry5.o(.ARM.Collect$$$$00000004)
    .ARM.Collect$$$$00000008                 0x080000f4   Section        0  entry7b.o(.ARM.Collect$$$$00000008)
    .ARM.Collect$$$$0000000A                 0x080000f4   Section        0  entry8b.o(.ARM.Collect$$$$0000000A)
    .ARM.Collect$$$$0000000B                 0x080000f4   Section        8  entry9a.o(.ARM.Collect$$$$0000000B)
    .ARM.Collect$$$$0000000D                 0x080000fc   Section        0  entry10a.o(.ARM.Collect$$$$0000000D)
    .ARM.Collect$$$$0000000F                 0x080000fc   Section        0  entry11a.o(.ARM.Collect$$$$0000000F)
    .ARM.Collect$$$$00002712                 0x080000fc   Section        4  entry2.o(.ARM.Collect$$$$00002712)
    __lit__00000000                          0x080000fc   Data           4  entry2.o(.ARM.Collect$$$$00002712)
    .text                                    0x08000100   Section       36  startup_stm32f103xb.o(.text)
    .text                                    0x08000124   Section        0  llushr.o(.text)
    .text                                    0x08000144   Section        0  memseta.o(.text)
    .text                                    0x08000168   Section        0  uidiv.o(.text)
    .text                                    0x08000194   Section       36  init.o(.text)
    i.BusFault_Handler                       0x080001b8   Section        0  stm32f1xx_it.o(i.BusFault_Handler)
    i.DebugMon_Handler                       0x080001ba   Section        0  stm32f1xx_it.o(i.DebugMon_Handler)
    i.EXTI2_IRQHandler                       0x080001bc   Section        0  stm32f1xx_it.o(i.EXTI2_IRQHandler)
    i.EXTI3_IRQHandler                       0x080001c2   Section        0  stm32f1xx_it.o(i.EXTI3_IRQHandler)
    i.EXTI4_IRQHandler                       0x080001c8   Section        0  stm32f1xx_it.o(i.EXTI4_IRQHandler)
    i.EXTI9_5_IRQHandler                     0x080001ce   Section        0  stm32f1xx_it.o(i.EXTI9_5_IRQHandler)
    i.FLASH_Program_HalfWord                 0x080001d4   Section        0  stm32f1xx_hal_flash.o(i.FLASH_Program_HalfWord)
    FLASH_Program_HalfWord                   0x080001d5   Thumb Code    20  stm32f1xx_hal_flash.o(i.FLASH_Program_HalfWord)
    i.FLASH_SetErrorCode                     0x080001f0   Section        0  stm32f1xx_hal_flash.o(i.FLASH_SetErrorCode)
    FLASH_SetErrorCode                       0x080001f1   Thumb Code    84  stm32f1xx_hal_flash.o(i.FLASH_SetErrorCode)
    i.FLASH_WaitForLastOperation             0x0800024c   Section        0  stm32f1xx_hal_flash.o(i.FLASH_WaitForLastOperation)
    i.Flash_Read_Array_Uint16                0x080002a0   Section        0  main.o(i.Flash_Read_Array_Uint16)
    i.Flash_Write_Array_Uint16               0x080002ba   Section        0  main.o(i.Flash_Write_Array_Uint16)
    i.HAL_Delay                              0x080002f0   Section        0  stm32f1xx_hal.o(i.HAL_Delay)
    i.HAL_FLASH_Lock                         0x08000314   Section        0  stm32f1xx_hal_flash.o(i.HAL_FLASH_Lock)
    i.HAL_FLASH_Program                      0x08000328   Section        0  stm32f1xx_hal_flash.o(i.HAL_FLASH_Program)
    i.HAL_FLASH_Unlock                       0x080003a8   Section        0  stm32f1xx_hal_flash.o(i.HAL_FLASH_Unlock)
    i.HAL_GPIO_EXTI_Callback                 0x080003d0   Section        0  main.o(i.HAL_GPIO_EXTI_Callback)
    i.HAL_GPIO_EXTI_IRQHandler               0x08000438   Section        0  stm32f1xx_hal_gpio.o(i.HAL_GPIO_EXTI_IRQHandler)
    i.HAL_GPIO_Init                          0x08000450   Section        0  stm32f1xx_hal_gpio.o(i.HAL_GPIO_Init)
    i.HAL_GPIO_WritePin                      0x08000630   Section        0  stm32f1xx_hal_gpio.o(i.HAL_GPIO_WritePin)
    i.HAL_GetTick                            0x0800063c   Section        0  stm32f1xx_hal.o(i.HAL_GetTick)
    i.HAL_I2C_Init                           0x08000648   Section        0  stm32f1xx_hal_i2c.o(i.HAL_I2C_Init)
    i.HAL_I2C_IsDeviceReady                  0x080007d0   Section        0  stm32f1xx_hal_i2c.o(i.HAL_I2C_IsDeviceReady)
    i.HAL_I2C_Master_Transmit                0x0800093c   Section        0  stm32f1xx_hal_i2c.o(i.HAL_I2C_Master_Transmit)
    i.HAL_I2C_MspInit                        0x08000a68   Section        0  stm32f1xx_hal_msp.o(i.HAL_I2C_MspInit)
    i.HAL_IncTick                            0x08000ac8   Section        0  stm32f1xx_hal.o(i.HAL_IncTick)
    i.HAL_Init                               0x08000ad8   Section        0  stm32f1xx_hal.o(i.HAL_Init)
    i.HAL_InitTick                           0x08000afc   Section        0  stm32f1xx_hal.o(i.HAL_InitTick)
    i.HAL_MspInit                            0x08000b3c   Section        0  stm32f1xx_hal_msp.o(i.HAL_MspInit)
    i.HAL_NVIC_EnableIRQ                     0x08000b78   Section        0  stm32f1xx_hal_cortex.o(i.HAL_NVIC_EnableIRQ)
    i.HAL_NVIC_SetPriority                   0x08000b94   Section        0  stm32f1xx_hal_cortex.o(i.HAL_NVIC_SetPriority)
    i.HAL_NVIC_SetPriorityGrouping           0x08000bd4   Section        0  stm32f1xx_hal_cortex.o(i.HAL_NVIC_SetPriorityGrouping)
    i.HAL_RCC_ClockConfig                    0x08000bf8   Section        0  stm32f1xx_hal_rcc.o(i.HAL_RCC_ClockConfig)
    i.HAL_RCC_GetPCLK1Freq                   0x08000d24   Section        0  stm32f1xx_hal_rcc.o(i.HAL_RCC_GetPCLK1Freq)
    i.HAL_RCC_GetSysClockFreq                0x08000d44   Section        0  stm32f1xx_hal_rcc.o(i.HAL_RCC_GetSysClockFreq)
    i.HAL_RCC_OscConfig                      0x08000db0   Section        0  stm32f1xx_hal_rcc.o(i.HAL_RCC_OscConfig)
    i.HAL_SYSTICK_Config                     0x080010d0   Section        0  stm32f1xx_hal_cortex.o(i.HAL_SYSTICK_Config)
    i.HAL_TIMEx_BreakCallback                0x080010f8   Section        0  stm32f1xx_hal_tim_ex.o(i.HAL_TIMEx_BreakCallback)
    i.HAL_TIMEx_CommutCallback               0x080010fa   Section        0  stm32f1xx_hal_tim_ex.o(i.HAL_TIMEx_CommutCallback)
    i.HAL_TIMEx_MasterConfigSynchronization  0x080010fc   Section        0  stm32f1xx_hal_tim_ex.o(i.HAL_TIMEx_MasterConfigSynchronization)
    i.HAL_TIM_Base_Init                      0x08001164   Section        0  stm32f1xx_hal_tim.o(i.HAL_TIM_Base_Init)
    i.HAL_TIM_Base_MspInit                   0x080011c0   Section        0  stm32f1xx_hal_msp.o(i.HAL_TIM_Base_MspInit)
    i.HAL_TIM_Base_Start_IT                  0x080011fc   Section        0  stm32f1xx_hal_tim.o(i.HAL_TIM_Base_Start_IT)
    i.HAL_TIM_ConfigClockSource              0x08001254   Section        0  stm32f1xx_hal_tim.o(i.HAL_TIM_ConfigClockSource)
    i.HAL_TIM_IC_CaptureCallback             0x0800132a   Section        0  stm32f1xx_hal_tim.o(i.HAL_TIM_IC_CaptureCallback)
    i.HAL_TIM_IRQHandler                     0x0800132c   Section        0  stm32f1xx_hal_tim.o(i.HAL_TIM_IRQHandler)
    i.HAL_TIM_OC_DelayElapsedCallback        0x08001492   Section        0  stm32f1xx_hal_tim.o(i.HAL_TIM_OC_DelayElapsedCallback)
    i.HAL_TIM_PWM_PulseFinishedCallback      0x08001494   Section        0  stm32f1xx_hal_tim.o(i.HAL_TIM_PWM_PulseFinishedCallback)
    i.HAL_TIM_PeriodElapsedCallback          0x08001498   Section        0  main.o(i.HAL_TIM_PeriodElapsedCallback)
    i.HAL_TIM_TriggerCallback                0x080014e8   Section        0  stm32f1xx_hal_tim.o(i.HAL_TIM_TriggerCallback)
    i.HardFault_Handler                      0x080014ea   Section        0  stm32f1xx_it.o(i.HardFault_Handler)
    i.I2C_IsAcknowledgeFailed                0x080014ec   Section        0  stm32f1xx_hal_i2c.o(i.I2C_IsAcknowledgeFailed)
    I2C_IsAcknowledgeFailed                  0x080014ed   Thumb Code    46  stm32f1xx_hal_i2c.o(i.I2C_IsAcknowledgeFailed)
    i.I2C_MasterRequestWrite                 0x0800151c   Section        0  stm32f1xx_hal_i2c.o(i.I2C_MasterRequestWrite)
    I2C_MasterRequestWrite                   0x0800151d   Thumb Code   150  stm32f1xx_hal_i2c.o(i.I2C_MasterRequestWrite)
    i.I2C_WaitOnBTFFlagUntilTimeout          0x080015b8   Section        0  stm32f1xx_hal_i2c.o(i.I2C_WaitOnBTFFlagUntilTimeout)
    I2C_WaitOnBTFFlagUntilTimeout            0x080015b9   Thumb Code    76  stm32f1xx_hal_i2c.o(i.I2C_WaitOnBTFFlagUntilTimeout)
    i.I2C_WaitOnFlagUntilTimeout             0x08001604   Section        0  stm32f1xx_hal_i2c.o(i.I2C_WaitOnFlagUntilTimeout)
    I2C_WaitOnFlagUntilTimeout               0x08001605   Thumb Code   104  stm32f1xx_hal_i2c.o(i.I2C_WaitOnFlagUntilTimeout)
    i.I2C_WaitOnMasterAddressFlagUntilTimeout 0x0800166c   Section        0  stm32f1xx_hal_i2c.o(i.I2C_WaitOnMasterAddressFlagUntilTimeout)
    I2C_WaitOnMasterAddressFlagUntilTimeout  0x0800166d   Thumb Code   150  stm32f1xx_hal_i2c.o(i.I2C_WaitOnMasterAddressFlagUntilTimeout)
    i.I2C_WaitOnTXEFlagUntilTimeout          0x08001702   Section        0  stm32f1xx_hal_i2c.o(i.I2C_WaitOnTXEFlagUntilTimeout)
    I2C_WaitOnTXEFlagUntilTimeout            0x08001703   Thumb Code    76  stm32f1xx_hal_i2c.o(i.I2C_WaitOnTXEFlagUntilTimeout)
    i.MX_GPIO_Init                           0x08001750   Section        0  main.o(i.MX_GPIO_Init)
    MX_GPIO_Init                             0x08001751   Thumb Code   182  main.o(i.MX_GPIO_Init)
    i.MX_TIM3_Init                           0x08001814   Section        0  main.o(i.MX_TIM3_Init)
    MX_TIM3_Init                             0x08001815   Thumb Code    76  main.o(i.MX_TIM3_Init)
    i.MemManage_Handler                      0x08001868   Section        0  stm32f1xx_it.o(i.MemManage_Handler)
    i.NMI_Handler                            0x0800186a   Section        0  stm32f1xx_it.o(i.NMI_Handler)
    i.PendSV_Handler                         0x0800186c   Section        0  stm32f1xx_it.o(i.PendSV_Handler)
    i.SSD1306_Clear                          0x0800186e   Section        0  ssd1306.o(i.SSD1306_Clear)
    i.SSD1306_DrawFilledCircle               0x08001880   Section        0  ssd1306.o(i.SSD1306_DrawFilledCircle)
    i.SSD1306_DrawFilledRectangle            0x08001984   Section        0  ssd1306.o(i.SSD1306_DrawFilledRectangle)
    i.SSD1306_DrawLine                       0x080019da   Section        0  ssd1306.o(i.SSD1306_DrawLine)
    i.SSD1306_DrawPixel                      0x08001ae4   Section        0  ssd1306.o(i.SSD1306_DrawPixel)
    i.SSD1306_Fill                           0x08001b24   Section        0  ssd1306.o(i.SSD1306_Fill)
    i.SSD1306_GotoXY                         0x08001b3c   Section        0  ssd1306.o(i.SSD1306_GotoXY)
    i.SSD1306_Init                           0x08001b48   Section        0  ssd1306.o(i.SSD1306_Init)
    i.SSD1306_Putc                           0x08001cb0   Section        0  ssd1306.o(i.SSD1306_Putc)
    i.SSD1306_Puts                           0x08001d50   Section        0  ssd1306.o(i.SSD1306_Puts)
    i.SSD1306_ScrollLeft                     0x08001d78   Section        0  ssd1306.o(i.SSD1306_ScrollLeft)
    i.SSD1306_ScrollRight                    0x08001dd2   Section        0  ssd1306.o(i.SSD1306_ScrollRight)
    i.SSD1306_Stopscroll                     0x08001e2c   Section        0  ssd1306.o(i.SSD1306_Stopscroll)
    i.SSD1306_UpdateScreen                   0x08001e38   Section        0  ssd1306.o(i.SSD1306_UpdateScreen)
    i.SVC_Handler                            0x08001e80   Section        0  stm32f1xx_it.o(i.SVC_Handler)
    i.SysTick_Handler                        0x08001e82   Section        0  stm32f1xx_it.o(i.SysTick_Handler)
    i.SystemClock_Config                     0x08001e86   Section        0  main.o(i.SystemClock_Config)
    i.SystemInit                             0x08001ed4   Section        0  system_stm32f1xx.o(i.SystemInit)
    i.TIM3_IRQHandler                        0x08001ed8   Section        0  stm32f1xx_it.o(i.TIM3_IRQHandler)
    i.TIM_Base_SetConfig                     0x08001ee4   Section        0  stm32f1xx_hal_tim.o(i.TIM_Base_SetConfig)
    i.TIM_ETR_SetConfig                      0x08001f50   Section        0  stm32f1xx_hal_tim.o(i.TIM_ETR_SetConfig)
    i.TIM_ITRx_SetConfig                     0x08001f64   Section        0  stm32f1xx_hal_tim.o(i.TIM_ITRx_SetConfig)
    TIM_ITRx_SetConfig                       0x08001f65   Thumb Code    16  stm32f1xx_hal_tim.o(i.TIM_ITRx_SetConfig)
    i.TIM_TI1_ConfigInputStage               0x08001f74   Section        0  stm32f1xx_hal_tim.o(i.TIM_TI1_ConfigInputStage)
    TIM_TI1_ConfigInputStage                 0x08001f75   Thumb Code    34  stm32f1xx_hal_tim.o(i.TIM_TI1_ConfigInputStage)
    i.TIM_TI2_ConfigInputStage               0x08001f96   Section        0  stm32f1xx_hal_tim.o(i.TIM_TI2_ConfigInputStage)
    TIM_TI2_ConfigInputStage                 0x08001f97   Thumb Code    36  stm32f1xx_hal_tim.o(i.TIM_TI2_ConfigInputStage)
    i.UsageFault_Handler                     0x08001fba   Section        0  stm32f1xx_it.o(i.UsageFault_Handler)
    i.__0sprintf$1                           0x08001fbc   Section        0  printf1.o(i.__0sprintf$1)
    i.__NVIC_SetPriority                     0x08001fe4   Section        0  stm32f1xx_hal_cortex.o(i.__NVIC_SetPriority)
    __NVIC_SetPriority                       0x08001fe5   Thumb Code    32  stm32f1xx_hal_cortex.o(i.__NVIC_SetPriority)
    i.__scatterload_copy                     0x08002004   Section       14  handlers.o(i.__scatterload_copy)
    i.__scatterload_null                     0x08002012   Section        2  handlers.o(i.__scatterload_null)
    i.__scatterload_zeroinit                 0x08002014   Section       14  handlers.o(i.__scatterload_zeroinit)
    i._printf_core                           0x08002024   Section        0  printf1.o(i._printf_core)
    _printf_core                             0x08002025   Thumb Code   336  printf1.o(i._printf_core)
    i._sputc                                 0x08002178   Section        0  printf1.o(i._sputc)
    _sputc                                   0x08002179   Thumb Code    10  printf1.o(i._sputc)
    i.bellTingTing                           0x08002184   Section        0  main.o(i.bellTingTing)
    i.bellTingTingWait                       0x080021a8   Section        0  main.o(i.bellTingTingWait)
    i.changePeriodTIM3                       0x080021d4   Section        0  main.o(i.changePeriodTIM3)
    changePeriodTIM3                         0x080021d5   Thumb Code    74  main.o(i.changePeriodTIM3)
    i.changeSetupType                        0x08002228   Section        0  main.o(i.changeSetupType)
    i.checkAcrossEdge                        0x08002278   Section        0  main.o(i.checkAcrossEdge)
    i.checkEating                            0x080022ac   Section        0  main.o(i.checkEating)
    i.gameOver                               0x0800230c   Section        0  main.o(i.gameOver)
    i.initGame                               0x08002460   Section        0  main.o(i.initGame)
    i.main                                   0x08002644   Section        0  main.o(i.main)
    i.predatorClear                          0x080026a0   Section        0  main.o(i.predatorClear)
    i.predatorDraw                           0x080026c4   Section        0  main.o(i.predatorDraw)
    i.predatorMove                           0x08002888   Section        0  main.o(i.predatorMove)
    i.preyClear                              0x080028c4   Section        0  main.o(i.preyClear)
    i.preyDraw                               0x080028dc   Section        0  main.o(i.preyDraw)
    i.randomPrey                             0x080028f4   Section        0  main.o(i.randomPrey)
    i.renderScreen                           0x08002918   Section        0  main.o(i.renderScreen)
    i.setupPlus                              0x08002970   Section        0  main.o(i.setupPlus)
    i.setupReduce                            0x080029bc   Section        0  main.o(i.setupReduce)
    i.showLevel                              0x08002a08   Section        0  main.o(i.showLevel)
    i.showSoundStatus                        0x08002a40   Section        0  main.o(i.showSoundStatus)
    i.sortUserScore                          0x08002a78   Section        0  main.o(i.sortUserScore)
    i.ssd1306_I2C_Init                       0x08002afc   Section        0  ssd1306.o(i.ssd1306_I2C_Init)
    i.ssd1306_I2C_Write                      0x08002b08   Section        0  ssd1306.o(i.ssd1306_I2C_Write)
    i.ssd1306_I2C_WriteMulti                 0x08002b28   Section        0  ssd1306.o(i.ssd1306_I2C_WriteMulti)
    i.toggleMount                            0x08002b60   Section        0  main.o(i.toggleMount)
    .constdata                               0x08002b70   Section     1900  fonts.o(.constdata)
    .constdata                               0x080032dc   Section     3420  fonts.o(.constdata)
    .constdata                               0x08004038   Section     4940  fonts.o(.constdata)
    .constdata                               0x08005384   Section       16  system_stm32f1xx.o(.constdata)
    .constdata                               0x08005394   Section        8  system_stm32f1xx.o(.constdata)
    .data                                    0x20000000   Section        8  fonts.o(.data)
    .data                                    0x20000008   Section        8  fonts.o(.data)
    .data                                    0x20000010   Section        8  fonts.o(.data)
    .data                                    0x20000018   Section        6  ssd1306.o(.data)
    SSD1306                                  0x20000018   Data           6  ssd1306.o(.data)
    .data                                    0x20000020   Section      224  main.o(.data)
    timeBellBegin                            0x2000002c   Data           4  main.o(.data)
    timeCur                                  0x20000030   Data           4  main.o(.data)
    .data                                    0x20000100   Section       12  stm32f1xx_hal.o(.data)
    .data                                    0x2000010c   Section        4  system_stm32f1xx.o(.data)
    .bss                                     0x20000110   Section     1024  ssd1306.o(.bss)
    SSD1306_Buffer                           0x20000110   Data        1024  ssd1306.o(.bss)
    .bss                                     0x20000510   Section      166  main.o(.bss)
    .bss                                     0x200005b8   Section       32  stm32f1xx_hal_flash.o(.bss)
    STACK                                    0x200005d8   Section     1024  startup_stm32f103xb.o(STACK)

    Global Symbols

    Symbol Name                              Value     Ov Type        Size  Object(Section)

    BuildAttributes$$THM_ISAv4$P$D$K$B$S$PE$A:L22UL41UL21$X:L11$S22US41US21$IEEE1$IW$USESV6$~STKCKD$USESV7$~SHL$OSPACE$ROPI$EBA8$MICROLIB$REQ8$PRES8$EABIv2 0x00000000   Number         0  anon$$obj.o ABSOLUTE
    __ARM_use_no_argv                        0x00000000   Number         0  main.o ABSOLUTE
    _printf_a                                0x00000000   Number         0  stubs.o ABSOLUTE
    _printf_c                                0x00000000   Number         0  stubs.o ABSOLUTE
    _printf_charcount                        0x00000000   Number         0  stubs.o ABSOLUTE
    _printf_d                                0x00000000   Number         0  stubs.o ABSOLUTE
    _printf_e                                0x00000000   Number         0  stubs.o ABSOLUTE
    _printf_f                                0x00000000   Number         0  stubs.o ABSOLUTE
    _printf_flags                            0x00000000   Number         0  stubs.o ABSOLUTE
    _printf_fp_dec                           0x00000000   Number         0  stubs.o ABSOLUTE
    _printf_fp_hex                           0x00000000   Number         0  stubs.o ABSOLUTE
    _printf_g                                0x00000000   Number         0  stubs.o ABSOLUTE
    _printf_i                                0x00000000   Number         0  stubs.o ABSOLUTE
    _printf_int_dec                          0x00000000   Number         0  stubs.o ABSOLUTE
    _printf_l                                0x00000000   Number         0  stubs.o ABSOLUTE
    _printf_lc                               0x00000000   Number         0  stubs.o ABSOLUTE
    _printf_ll                               0x00000000   Number         0  stubs.o ABSOLUTE
    _printf_lld                              0x00000000   Number         0  stubs.o ABSOLUTE
    _printf_lli                              0x00000000   Number         0  stubs.o ABSOLUTE
    _printf_llo                              0x00000000   Number         0  stubs.o ABSOLUTE
    _printf_llu                              0x00000000   Number         0  stubs.o ABSOLUTE
    _printf_llx                              0x00000000   Number         0  stubs.o ABSOLUTE
    _printf_longlong_dec                     0x00000000   Number         0  stubs.o ABSOLUTE
    _printf_longlong_hex                     0x00000000   Number         0  stubs.o ABSOLUTE
    _printf_longlong_oct                     0x00000000   Number         0  stubs.o ABSOLUTE
    _printf_ls                               0x00000000   Number         0  stubs.o ABSOLUTE
    _printf_mbtowc                           0x00000000   Number         0  stubs.o ABSOLUTE
    _printf_n                                0x00000000   Number         0  stubs.o ABSOLUTE
    _printf_o                                0x00000000   Number         0  stubs.o ABSOLUTE
    _printf_p                                0x00000000   Number         0  stubs.o ABSOLUTE
    _printf_percent                          0x00000000   Number         0  stubs.o ABSOLUTE
    _printf_pre_padding                      0x00000000   Number         0  stubs.o ABSOLUTE
    _printf_return_value                     0x00000000   Number         0  stubs.o ABSOLUTE
    _printf_s                                0x00000000   Number         0  stubs.o ABSOLUTE
    _printf_sizespec                         0x00000000   Number         0  stubs.o ABSOLUTE
    _printf_str                              0x00000000   Number         0  stubs.o ABSOLUTE
    _printf_truncate_signed                  0x00000000   Number         0  stubs.o ABSOLUTE
    _printf_truncate_unsigned                0x00000000   Number         0  stubs.o ABSOLUTE
    _printf_u                                0x00000000   Number         0  stubs.o ABSOLUTE
    _printf_wc                               0x00000000   Number         0  stubs.o ABSOLUTE
    _printf_wctomb                           0x00000000   Number         0  stubs.o ABSOLUTE
    _printf_widthprec                        0x00000000   Number         0  stubs.o ABSOLUTE
    _printf_x                                0x00000000   Number         0  stubs.o ABSOLUTE
    __cpp_initialize__aeabi_                  - Undefined Weak Reference
    __cxa_finalize                            - Undefined Weak Reference
    __decompress                              - Undefined Weak Reference
    _clock_init                               - Undefined Weak Reference
    _microlib_exit                            - Undefined Weak Reference
    __Vectors_Size                           0x000000ec   Number         0  startup_stm32f103xb.o ABSOLUTE
    __Vectors                                0x08000000   Data           4  startup_stm32f103xb.o(RESET)
    __Vectors_End                            0x080000ec   Data           0  startup_stm32f103xb.o(RESET)
    __main                                   0x080000ed   Thumb Code     0  entry.o(.ARM.Collect$$$$00000000)
    _main_stk                                0x080000ed   Thumb Code     0  entry2.o(.ARM.Collect$$$$00000001)
    _main_scatterload                        0x080000f1   Thumb Code     0  entry5.o(.ARM.Collect$$$$00000004)
    __main_after_scatterload                 0x080000f5   Thumb Code     0  entry5.o(.ARM.Collect$$$$00000004)
    _main_clock                              0x080000f5   Thumb Code     0  entry7b.o(.ARM.Collect$$$$00000008)
    _main_cpp_init                           0x080000f5   Thumb Code     0  entry8b.o(.ARM.Collect$$$$0000000A)
    _main_init                               0x080000f5   Thumb Code     0  entry9a.o(.ARM.Collect$$$$0000000B)
    __rt_final_cpp                           0x080000fd   Thumb Code     0  entry10a.o(.ARM.Collect$$$$0000000D)
    __rt_final_exit                          0x080000fd   Thumb Code     0  entry11a.o(.ARM.Collect$$$$0000000F)
    Reset_Handler                            0x08000101   Thumb Code     8  startup_stm32f103xb.o(.text)
    ADC1_2_IRQHandler                        0x0800011b   Thumb Code     0  startup_stm32f103xb.o(.text)
    CAN1_RX1_IRQHandler                      0x0800011b   Thumb Code     0  startup_stm32f103xb.o(.text)
    CAN1_SCE_IRQHandler                      0x0800011b   Thumb Code     0  startup_stm32f103xb.o(.text)
    DMA1_Channel1_IRQHandler                 0x0800011b   Thumb Code     0  startup_stm32f103xb.o(.text)
    DMA1_Channel2_IRQHandler                 0x0800011b   Thumb Code     0  startup_stm32f103xb.o(.text)
    DMA1_Channel3_IRQHandler                 0x0800011b   Thumb Code     0  startup_stm32f103xb.o(.text)
    DMA1_Channel4_IRQHandler                 0x0800011b   Thumb Code     0  startup_stm32f103xb.o(.text)
    DMA1_Channel5_IRQHandler                 0x0800011b   Thumb Code     0  startup_stm32f103xb.o(.text)
    DMA1_Channel6_IRQHandler                 0x0800011b   Thumb Code     0  startup_stm32f103xb.o(.text)
    DMA1_Channel7_IRQHandler                 0x0800011b   Thumb Code     0  startup_stm32f103xb.o(.text)
    EXTI0_IRQHandler                         0x0800011b   Thumb Code     0  startup_stm32f103xb.o(.text)
    EXTI15_10_IRQHandler                     0x0800011b   Thumb Code     0  startup_stm32f103xb.o(.text)
    EXTI1_IRQHandler                         0x0800011b   Thumb Code     0  startup_stm32f103xb.o(.text)
    FLASH_IRQHandler                         0x0800011b   Thumb Code     0  startup_stm32f103xb.o(.text)
    I2C1_ER_IRQHandler                       0x0800011b   Thumb Code     0  startup_stm32f103xb.o(.text)
    I2C1_EV_IRQHandler                       0x0800011b   Thumb Code     0  startup_stm32f103xb.o(.text)
    I2C2_ER_IRQHandler                       0x0800011b   Thumb Code     0  startup_stm32f103xb.o(.text)
    I2C2_EV_IRQHandler                       0x0800011b   Thumb Code     0  startup_stm32f103xb.o(.text)
    PVD_IRQHandler                           0x0800011b   Thumb Code     0  startup_stm32f103xb.o(.text)
    RCC_IRQHandler                           0x0800011b   Thumb Code     0  startup_stm32f103xb.o(.text)
    RTC_Alarm_IRQHandler                     0x0800011b   Thumb Code     0  startup_stm32f103xb.o(.text)
    RTC_IRQHandler                           0x0800011b   Thumb Code     0  startup_stm32f103xb.o(.text)
    SPI1_IRQHandler                          0x0800011b   Thumb Code     0  startup_stm32f103xb.o(.text)
    SPI2_IRQHandler                          0x0800011b   Thumb Code     0  startup_stm32f103xb.o(.text)
    TAMPER_IRQHandler                        0x0800011b   Thumb Code     0  startup_stm32f103xb.o(.text)
    TIM1_BRK_IRQHandler                      0x0800011b   Thumb Code     0  startup_stm32f103xb.o(.text)
    TIM1_CC_IRQHandler                       0x0800011b   Thumb Code     0  startup_stm32f103xb.o(.text)
    TIM1_TRG_COM_IRQHandler                  0x0800011b   Thumb Code     0  startup_stm32f103xb.o(.text)
    TIM1_UP_IRQHandler                       0x0800011b   Thumb Code     0  startup_stm32f103xb.o(.text)
    TIM2_IRQHandler                          0x0800011b   Thumb Code     0  startup_stm32f103xb.o(.text)
    TIM4_IRQHandler                          0x0800011b   Thumb Code     0  startup_stm32f103xb.o(.text)
    USART1_IRQHandler                        0x0800011b   Thumb Code     0  startup_stm32f103xb.o(.text)
    USART2_IRQHandler                        0x0800011b   Thumb Code     0  startup_stm32f103xb.o(.text)
    USART3_IRQHandler                        0x0800011b   Thumb Code     0  startup_stm32f103xb.o(.text)
    USBWakeUp_IRQHandler                     0x0800011b   Thumb Code     0  startup_stm32f103xb.o(.text)
    USB_HP_CAN1_TX_IRQHandler                0x0800011b   Thumb Code     0  startup_stm32f103xb.o(.text)
    USB_LP_CAN1_RX0_IRQHandler               0x0800011b   Thumb Code     0  startup_stm32f103xb.o(.text)
    WWDG_IRQHandler                          0x0800011b   Thumb Code     0  startup_stm32f103xb.o(.text)
    __aeabi_llsr                             0x08000125   Thumb Code    32  llushr.o(.text)
    _ll_ushift_r                             0x08000125   Thumb Code     0  llushr.o(.text)
    __aeabi_memset                           0x08000145   Thumb Code    14  memseta.o(.text)
    __aeabi_memset4                          0x08000145   Thumb Code     0  memseta.o(.text)
    __aeabi_memset8                          0x08000145   Thumb Code     0  memseta.o(.text)
    __aeabi_memclr                           0x08000153   Thumb Code     4  memseta.o(.text)
    __aeabi_memclr4                          0x08000153   Thumb Code     0  memseta.o(.text)
    __aeabi_memclr8                          0x08000153   Thumb Code     0  memseta.o(.text)
    _memset$wrapper                          0x08000157   Thumb Code    18  memseta.o(.text)
    __aeabi_uidiv                            0x08000169   Thumb Code     0  uidiv.o(.text)
    __aeabi_uidivmod                         0x08000169   Thumb Code    44  uidiv.o(.text)
    __scatterload                            0x08000195   Thumb Code    28  init.o(.text)
    __scatterload_rt2                        0x08000195   Thumb Code     0  init.o(.text)
    BusFault_Handler                         0x080001b9   Thumb Code     2  stm32f1xx_it.o(i.BusFault_Handler)
    DebugMon_Handler                         0x080001bb   Thumb Code     2  stm32f1xx_it.o(i.DebugMon_Handler)
    EXTI2_IRQHandler                         0x080001bd   Thumb Code     6  stm32f1xx_it.o(i.EXTI2_IRQHandler)
    EXTI3_IRQHandler                         0x080001c3   Thumb Code     6  stm32f1xx_it.o(i.EXTI3_IRQHandler)
    EXTI4_IRQHandler                         0x080001c9   Thumb Code     6  stm32f1xx_it.o(i.EXTI4_IRQHandler)
    EXTI9_5_IRQHandler                       0x080001cf   Thumb Code     6  stm32f1xx_it.o(i.EXTI9_5_IRQHandler)
    FLASH_WaitForLastOperation               0x0800024d   Thumb Code    80  stm32f1xx_hal_flash.o(i.FLASH_WaitForLastOperation)
    Flash_Read_Array_Uint16                  0x080002a1   Thumb Code    26  main.o(i.Flash_Read_Array_Uint16)
    Flash_Write_Array_Uint16                 0x080002bb   Thumb Code    52  main.o(i.Flash_Write_Array_Uint16)
    HAL_Delay                                0x080002f1   Thumb Code    32  stm32f1xx_hal.o(i.HAL_Delay)
    HAL_FLASH_Lock                           0x08000315   Thumb Code    14  stm32f1xx_hal_flash.o(i.HAL_FLASH_Lock)
    HAL_FLASH_Program                        0x08000329   Thumb Code   120  stm32f1xx_hal_flash.o(i.HAL_FLASH_Program)
    HAL_FLASH_Unlock                         0x080003a9   Thumb Code    28  stm32f1xx_hal_flash.o(i.HAL_FLASH_Unlock)
    HAL_GPIO_EXTI_Callback                   0x080003d1   Thumb Code    98  main.o(i.HAL_GPIO_EXTI_Callback)
    HAL_GPIO_EXTI_IRQHandler                 0x08000439   Thumb Code    18  stm32f1xx_hal_gpio.o(i.HAL_GPIO_EXTI_IRQHandler)
    HAL_GPIO_Init                            0x08000451   Thumb Code   446  stm32f1xx_hal_gpio.o(i.HAL_GPIO_Init)
    HAL_GPIO_WritePin                        0x08000631   Thumb Code    10  stm32f1xx_hal_gpio.o(i.HAL_GPIO_WritePin)
    HAL_GetTick                              0x0800063d   Thumb Code     6  stm32f1xx_hal.o(i.HAL_GetTick)
    HAL_I2C_Init                             0x08000649   Thumb Code   376  stm32f1xx_hal_i2c.o(i.HAL_I2C_Init)
    HAL_I2C_IsDeviceReady                    0x080007d1   Thumb Code   354  stm32f1xx_hal_i2c.o(i.HAL_I2C_IsDeviceReady)
    HAL_I2C_Master_Transmit                  0x0800093d   Thumb Code   290  stm32f1xx_hal_i2c.o(i.HAL_I2C_Master_Transmit)
    HAL_I2C_MspInit                          0x08000a69   Thumb Code    82  stm32f1xx_hal_msp.o(i.HAL_I2C_MspInit)
    HAL_IncTick                              0x08000ac9   Thumb Code    12  stm32f1xx_hal.o(i.HAL_IncTick)
    HAL_Init                                 0x08000ad9   Thumb Code    32  stm32f1xx_hal.o(i.HAL_Init)
    HAL_InitTick                             0x08000afd   Thumb Code    54  stm32f1xx_hal.o(i.HAL_InitTick)
    HAL_MspInit                              0x08000b3d   Thumb Code    52  stm32f1xx_hal_msp.o(i.HAL_MspInit)
    HAL_NVIC_EnableIRQ                       0x08000b79   Thumb Code    26  stm32f1xx_hal_cortex.o(i.HAL_NVIC_EnableIRQ)
    HAL_NVIC_SetPriority                     0x08000b95   Thumb Code    60  stm32f1xx_hal_cortex.o(i.HAL_NVIC_SetPriority)
    HAL_NVIC_SetPriorityGrouping             0x08000bd5   Thumb Code    26  stm32f1xx_hal_cortex.o(i.HAL_NVIC_SetPriorityGrouping)
    HAL_RCC_ClockConfig                      0x08000bf9   Thumb Code   280  stm32f1xx_hal_rcc.o(i.HAL_RCC_ClockConfig)
    HAL_RCC_GetPCLK1Freq                     0x08000d25   Thumb Code    20  stm32f1xx_hal_rcc.o(i.HAL_RCC_GetPCLK1Freq)
    HAL_RCC_GetSysClockFreq                  0x08000d45   Thumb Code    74  stm32f1xx_hal_rcc.o(i.HAL_RCC_GetSysClockFreq)
    HAL_RCC_OscConfig                        0x08000db1   Thumb Code   778  stm32f1xx_hal_rcc.o(i.HAL_RCC_OscConfig)
    HAL_SYSTICK_Config                       0x080010d1   Thumb Code    40  stm32f1xx_hal_cortex.o(i.HAL_SYSTICK_Config)
    HAL_TIMEx_BreakCallback                  0x080010f9   Thumb Code     2  stm32f1xx_hal_tim_ex.o(i.HAL_TIMEx_BreakCallback)
    HAL_TIMEx_CommutCallback                 0x080010fb   Thumb Code     2  stm32f1xx_hal_tim_ex.o(i.HAL_TIMEx_CommutCallback)
    HAL_TIMEx_MasterConfigSynchronization    0x080010fd   Thumb Code    92  stm32f1xx_hal_tim_ex.o(i.HAL_TIMEx_MasterConfigSynchronization)
    HAL_TIM_Base_Init                        0x08001165   Thumb Code    90  stm32f1xx_hal_tim.o(i.HAL_TIM_Base_Init)
    HAL_TIM_Base_MspInit                     0x080011c1   Thumb Code    50  stm32f1xx_hal_msp.o(i.HAL_TIM_Base_MspInit)
    HAL_TIM_Base_Start_IT                    0x080011fd   Thumb Code    76  stm32f1xx_hal_tim.o(i.HAL_TIM_Base_Start_IT)
    HAL_TIM_ConfigClockSource                0x08001255   Thumb Code   214  stm32f1xx_hal_tim.o(i.HAL_TIM_ConfigClockSource)
    HAL_TIM_IC_CaptureCallback               0x0800132b   Thumb Code     2  stm32f1xx_hal_tim.o(i.HAL_TIM_IC_CaptureCallback)
    HAL_TIM_IRQHandler                       0x0800132d   Thumb Code   358  stm32f1xx_hal_tim.o(i.HAL_TIM_IRQHandler)
    HAL_TIM_OC_DelayElapsedCallback          0x08001493   Thumb Code     2  stm32f1xx_hal_tim.o(i.HAL_TIM_OC_DelayElapsedCallback)
    HAL_TIM_PWM_PulseFinishedCallback        0x08001495   Thumb Code     2  stm32f1xx_hal_tim.o(i.HAL_TIM_PWM_PulseFinishedCallback)
    HAL_TIM_PeriodElapsedCallback            0x08001499   Thumb Code    72  main.o(i.HAL_TIM_PeriodElapsedCallback)
    HAL_TIM_TriggerCallback                  0x080014e9   Thumb Code     2  stm32f1xx_hal_tim.o(i.HAL_TIM_TriggerCallback)
    HardFault_Handler                        0x080014eb   Thumb Code     2  stm32f1xx_it.o(i.HardFault_Handler)
    MemManage_Handler                        0x08001869   Thumb Code     2  stm32f1xx_it.o(i.MemManage_Handler)
    NMI_Handler                              0x0800186b   Thumb Code     2  stm32f1xx_it.o(i.NMI_Handler)
    PendSV_Handler                           0x0800186d   Thumb Code     2  stm32f1xx_it.o(i.PendSV_Handler)
    SSD1306_Clear                            0x0800186f   Thumb Code    16  ssd1306.o(i.SSD1306_Clear)
    SSD1306_DrawFilledCircle                 0x08001881   Thumb Code   260  ssd1306.o(i.SSD1306_DrawFilledCircle)
    SSD1306_DrawFilledRectangle              0x08001985   Thumb Code    86  ssd1306.o(i.SSD1306_DrawFilledRectangle)
    SSD1306_DrawLine                         0x080019db   Thumb Code   266  ssd1306.o(i.SSD1306_DrawLine)
    SSD1306_DrawPixel                        0x08001ae5   Thumb Code    54  ssd1306.o(i.SSD1306_DrawPixel)
    SSD1306_Fill                             0x08001b25   Thumb Code    18  ssd1306.o(i.SSD1306_Fill)
    SSD1306_GotoXY                           0x08001b3d   Thumb Code     8  ssd1306.o(i.SSD1306_GotoXY)
    SSD1306_Init                             0x08001b49   Thumb Code   350  ssd1306.o(i.SSD1306_Init)
    SSD1306_Putc                             0x08001cb1   Thumb Code   156  ssd1306.o(i.SSD1306_Putc)
    SSD1306_Puts                             0x08001d51   Thumb Code    40  ssd1306.o(i.SSD1306_Puts)
    SSD1306_ScrollLeft                       0x08001d79   Thumb Code    90  ssd1306.o(i.SSD1306_ScrollLeft)
    SSD1306_ScrollRight                      0x08001dd3   Thumb Code    90  ssd1306.o(i.SSD1306_ScrollRight)
    SSD1306_Stopscroll                       0x08001e2d   Thumb Code    10  ssd1306.o(i.SSD1306_Stopscroll)
    SSD1306_UpdateScreen                     0x08001e39   Thumb Code    66  ssd1306.o(i.SSD1306_UpdateScreen)
    SVC_Handler                              0x08001e81   Thumb Code     2  stm32f1xx_it.o(i.SVC_Handler)
    SysTick_Handler                          0x08001e83   Thumb Code     4  stm32f1xx_it.o(i.SysTick_Handler)
    SystemClock_Config                       0x08001e87   Thumb Code    78  main.o(i.SystemClock_Config)
    SystemInit                               0x08001ed5   Thumb Code     2  system_stm32f1xx.o(i.SystemInit)
    TIM3_IRQHandler                          0x08001ed9   Thumb Code     6  stm32f1xx_it.o(i.TIM3_IRQHandler)
    TIM_Base_SetConfig                       0x08001ee5   Thumb Code    94  stm32f1xx_hal_tim.o(i.TIM_Base_SetConfig)
    TIM_ETR_SetConfig                        0x08001f51   Thumb Code    20  stm32f1xx_hal_tim.o(i.TIM_ETR_SetConfig)
    UsageFault_Handler                       0x08001fbb   Thumb Code     2  stm32f1xx_it.o(i.UsageFault_Handler)
    __0sprintf$1                             0x08001fbd   Thumb Code    34  printf1.o(i.__0sprintf$1)
    __1sprintf$1                             0x08001fbd   Thumb Code     0  printf1.o(i.__0sprintf$1)
    __2sprintf                               0x08001fbd   Thumb Code     0  printf1.o(i.__0sprintf$1)
    __scatterload_copy                       0x08002005   Thumb Code    14  handlers.o(i.__scatterload_copy)
    __scatterload_null                       0x08002013   Thumb Code     2  handlers.o(i.__scatterload_null)
    __scatterload_zeroinit                   0x08002015   Thumb Code    14  handlers.o(i.__scatterload_zeroinit)
    bellTingTing                             0x08002185   Thumb Code    26  main.o(i.bellTingTing)
    bellTingTingWait                         0x080021a9   Thumb Code    36  main.o(i.bellTingTingWait)
    changeSetupType                          0x08002229   Thumb Code    74  main.o(i.changeSetupType)
    checkAcrossEdge                          0x08002279   Thumb Code    46  main.o(i.checkAcrossEdge)
    checkEating                              0x080022ad   Thumb Code    92  main.o(i.checkEating)
    gameOver                                 0x0800230d   Thumb Code   274  main.o(i.gameOver)
    initGame                                 0x08002461   Thumb Code   384  main.o(i.initGame)
    main                                     0x08002645   Thumb Code    78  main.o(i.main)
    predatorClear                            0x080026a1   Thumb Code    30  main.o(i.predatorClear)
    predatorDraw                             0x080026c5   Thumb Code   448  main.o(i.predatorDraw)
    predatorMove                             0x08002889   Thumb Code    54  main.o(i.predatorMove)
    preyClear                                0x080028c5   Thumb Code    18  main.o(i.preyClear)
    preyDraw                                 0x080028dd   Thumb Code    18  main.o(i.preyDraw)
    randomPrey                               0x080028f5   Thumb Code    32  main.o(i.randomPrey)
    renderScreen                             0x08002919   Thumb Code    74  main.o(i.renderScreen)
    setupPlus                                0x08002971   Thumb Code    72  main.o(i.setupPlus)
    setupReduce                              0x080029bd   Thumb Code    70  main.o(i.setupReduce)
    showLevel                                0x08002a09   Thumb Code    42  main.o(i.showLevel)
    showSoundStatus                          0x08002a41   Thumb Code    40  main.o(i.showSoundStatus)
    sortUserScore                            0x08002a79   Thumb Code   124  main.o(i.sortUserScore)
    ssd1306_I2C_Init                         0x08002afd   Thumb Code     8  ssd1306.o(i.ssd1306_I2C_Init)
    ssd1306_I2C_Write                        0x08002b09   Thumb Code    28  ssd1306.o(i.ssd1306_I2C_Write)
    ssd1306_I2C_WriteMulti                   0x08002b29   Thumb Code    50  ssd1306.o(i.ssd1306_I2C_WriteMulti)
    toggleMount                              0x08002b61   Thumb Code    12  main.o(i.toggleMount)
    Font7x10                                 0x08002b70   Data        1900  fonts.o(.constdata)
    Font11x18                                0x080032dc   Data        3420  fonts.o(.constdata)
    Font16x26                                0x08004038   Data        4940  fonts.o(.constdata)
    AHBPrescTable                            0x08005384   Data          16  system_stm32f1xx.o(.constdata)
    APBPrescTable                            0x08005394   Data           8  system_stm32f1xx.o(.constdata)
    Region$$Table$$Base                      0x0800539c   Number         0  anon$$obj.o(Region$$Table)
    Region$$Table$$Limit                     0x080053bc   Number         0  anon$$obj.o(Region$$Table)
    Font_7x10                                0x20000000   Data           8  fonts.o(.data)
    Font_11x18                               0x20000008   Data           8  fonts.o(.data)
    Font_16x26                               0x20000010   Data           8  fonts.o(.data)
    sound_status                             0x20000020   Data           1  main.o(.data)
    type_setup                               0x20000021   Data           1  main.o(.data)
    userStart                                0x20000022   Data           1  main.o(.data)
    gameStatus                               0x20000023   Data           1  main.o(.data)
    predator_direct                          0x20000024   Data           1  main.o(.data)
    predator_mount                           0x20000025   Data           1  main.o(.data)
    user_score                               0x20000026   Data           2  main.o(.data)
    str_level                                0x20000028   Data           2  main.o(.data)
    level                                    0x20000034   Data           4  main.o(.data)
    predator_x                               0x20000038   Data           4  main.o(.data)
    predator_y                               0x2000003c   Data           4  main.o(.data)
    prey_x                                   0x20000040   Data           4  main.o(.data)
    prey_y                                   0x20000044   Data           4  main.o(.data)
    str_user_score                           0x20000048   Data           5  main.o(.data)
    areaEdge_x                               0x20000050   Data           8  main.o(.data)
    areaEdge_y                               0x20000058   Data           8  main.o(.data)
    prey_x_arr                               0x20000060   Data          80  main.o(.data)
    prey_y_arr                               0x200000b0   Data          80  main.o(.data)
    uwTickFreq                               0x20000100   Data           1  stm32f1xx_hal.o(.data)
    uwTickPrio                               0x20000104   Data           4  stm32f1xx_hal.o(.data)
    uwTick                                   0x20000108   Data           4  stm32f1xx_hal.o(.data)
    SystemCoreClock                          0x2000010c   Data           4  system_stm32f1xx.o(.data)
    hi2c2                                    0x20000510   Data          84  main.o(.bss)
    htim3                                    0x20000564   Data          72  main.o(.bss)
    top_user_score                           0x200005ac   Data          10  main.o(.bss)
    pFlash                                   0x200005b8   Data          32  stm32f1xx_hal_flash.o(.bss)
    __initial_sp                             0x200009d8   Data           0  startup_stm32f103xb.o(STACK)



==============================================================================

Memory Map of the image

  Image Entry point : 0x080000ed

  Load Region LR_IROM1 (Base: 0x08000000, Size: 0x000054cc, Max: 0x00010000, ABSOLUTE)

    Execution Region ER_IROM1 (Base: 0x08000000, Size: 0x000053bc, Max: 0x00010000, ABSOLUTE)

    Base Addr    Size         Type   Attr      Idx    E Section Name        Object

    0x08000000   0x000000ec   Data   RO            3    RESET               startup_stm32f103xb.o
    0x080000ec   0x00000000   Code   RO         3204  * .ARM.Collect$$$$00000000  mc_w.l(entry.o)
    0x080000ec   0x00000004   Code   RO         3474    .ARM.Collect$$$$00000001  mc_w.l(entry2.o)
    0x080000f0   0x00000004   Code   RO         3477    .ARM.Collect$$$$00000004  mc_w.l(entry5.o)
    0x080000f4   0x00000000   Code   RO         3479    .ARM.Collect$$$$00000008  mc_w.l(entry7b.o)
    0x080000f4   0x00000000   Code   RO         3481    .ARM.Collect$$$$0000000A  mc_w.l(entry8b.o)
    0x080000f4   0x00000008   Code   RO         3482    .ARM.Collect$$$$0000000B  mc_w.l(entry9a.o)
    0x080000fc   0x00000000   Code   RO         3484    .ARM.Collect$$$$0000000D  mc_w.l(entry10a.o)
    0x080000fc   0x00000000   Code   RO         3486    .ARM.Collect$$$$0000000F  mc_w.l(entry11a.o)
    0x080000fc   0x00000004   Code   RO         3475    .ARM.Collect$$$$00002712  mc_w.l(entry2.o)
    0x08000100   0x00000024   Code   RO            4    .text               startup_stm32f103xb.o
    0x08000124   0x00000020   Code   RO         3207    .text               mc_w.l(llushr.o)
    0x08000144   0x00000024   Code   RO         3209    .text               mc_w.l(memseta.o)
    0x08000168   0x0000002c   Code   RO         3491    .text               mc_w.l(uidiv.o)
    0x08000194   0x00000024   Code   RO         3506    .text               mc_w.l(init.o)
    0x080001b8   0x00000002   Code   RO          599    i.BusFault_Handler  stm32f1xx_it.o
    0x080001ba   0x00000002   Code   RO          600    i.DebugMon_Handler  stm32f1xx_it.o
    0x080001bc   0x00000006   Code   RO          601    i.EXTI2_IRQHandler  stm32f1xx_it.o
    0x080001c2   0x00000006   Code   RO          602    i.EXTI3_IRQHandler  stm32f1xx_it.o
    0x080001c8   0x00000006   Code   RO          603    i.EXTI4_IRQHandler  stm32f1xx_it.o
    0x080001ce   0x00000006   Code   RO          604    i.EXTI9_5_IRQHandler  stm32f1xx_it.o
    0x080001d4   0x0000001c   Code   RO         1936    i.FLASH_Program_HalfWord  stm32f1xx_hal_flash.o
    0x080001f0   0x0000005c   Code   RO         1937    i.FLASH_SetErrorCode  stm32f1xx_hal_flash.o
    0x0800024c   0x00000054   Code   RO         1938    i.FLASH_WaitForLastOperation  stm32f1xx_hal_flash.o
    0x080002a0   0x0000001a   Code   RO          391    i.Flash_Read_Array_Uint16  main.o
    0x080002ba   0x00000034   Code   RO          392    i.Flash_Write_Array_Uint16  main.o
    0x080002ee   0x00000002   PAD
    0x080002f0   0x00000024   Code   RO         1228    i.HAL_Delay         stm32f1xx_hal.o
    0x08000314   0x00000014   Code   RO         1942    i.HAL_FLASH_Lock    stm32f1xx_hal_flash.o
    0x08000328   0x00000080   Code   RO         1947    i.HAL_FLASH_Program  stm32f1xx_hal_flash.o
    0x080003a8   0x00000028   Code   RO         1949    i.HAL_FLASH_Unlock  stm32f1xx_hal_flash.o
    0x080003d0   0x00000068   Code   RO          393    i.HAL_GPIO_EXTI_Callback  main.o
    0x08000438   0x00000018   Code   RO         1535    i.HAL_GPIO_EXTI_IRQHandler  stm32f1xx_hal_gpio.o
    0x08000450   0x000001e0   Code   RO         1536    i.HAL_GPIO_Init     stm32f1xx_hal_gpio.o
    0x08000630   0x0000000a   Code   RO         1540    i.HAL_GPIO_WritePin  stm32f1xx_hal_gpio.o
    0x0800063a   0x00000002   PAD
    0x0800063c   0x0000000c   Code   RO         1232    i.HAL_GetTick       stm32f1xx_hal.o
    0x08000648   0x00000188   Code   RO          800    i.HAL_I2C_Init      stm32f1xx_hal_i2c.o
    0x080007d0   0x0000016c   Code   RO          801    i.HAL_I2C_IsDeviceReady  stm32f1xx_hal_i2c.o
    0x0800093c   0x0000012c   Code   RO          813    i.HAL_I2C_Master_Transmit  stm32f1xx_hal_i2c.o
    0x08000a68   0x00000060   Code   RO          706    i.HAL_I2C_MspInit   stm32f1xx_hal_msp.o
    0x08000ac8   0x00000010   Code   RO         1238    i.HAL_IncTick       stm32f1xx_hal.o
    0x08000ad8   0x00000024   Code   RO         1239    i.HAL_Init          stm32f1xx_hal.o
    0x08000afc   0x00000040   Code   RO         1240    i.HAL_InitTick      stm32f1xx_hal.o
    0x08000b3c   0x0000003c   Code   RO          707    i.HAL_MspInit       stm32f1xx_hal_msp.o
    0x08000b78   0x0000001a   Code   RO         1696    i.HAL_NVIC_EnableIRQ  stm32f1xx_hal_cortex.o
    0x08000b92   0x00000002   PAD
    0x08000b94   0x00000040   Code   RO         1702    i.HAL_NVIC_SetPriority  stm32f1xx_hal_cortex.o
    0x08000bd4   0x00000024   Code   RO         1703    i.HAL_NVIC_SetPriorityGrouping  stm32f1xx_hal_cortex.o
    0x08000bf8   0x0000012c   Code   RO         1396    i.HAL_RCC_ClockConfig  stm32f1xx_hal_rcc.o
    0x08000d24   0x00000020   Code   RO         1403    i.HAL_RCC_GetPCLK1Freq  stm32f1xx_hal_rcc.o
    0x08000d44   0x0000006c   Code   RO         1405    i.HAL_RCC_GetSysClockFreq  stm32f1xx_hal_rcc.o
    0x08000db0   0x00000320   Code   RO         1408    i.HAL_RCC_OscConfig  stm32f1xx_hal_rcc.o
    0x080010d0   0x00000028   Code   RO         1707    i.HAL_SYSTICK_Config  stm32f1xx_hal_cortex.o
    0x080010f8   0x00000002   Code   RO         2902    i.HAL_TIMEx_BreakCallback  stm32f1xx_hal_tim_ex.o
    0x080010fa   0x00000002   Code   RO         2903    i.HAL_TIMEx_CommutCallback  stm32f1xx_hal_tim_ex.o
    0x080010fc   0x00000068   Code   RO         2921    i.HAL_TIMEx_MasterConfigSynchronization  stm32f1xx_hal_tim_ex.o
    0x08001164   0x0000005a   Code   RO         2198    i.HAL_TIM_Base_Init  stm32f1xx_hal_tim.o
    0x080011be   0x00000002   PAD
    0x080011c0   0x0000003c   Code   RO          709    i.HAL_TIM_Base_MspInit  stm32f1xx_hal_msp.o
    0x080011fc   0x00000058   Code   RO         2203    i.HAL_TIM_Base_Start_IT  stm32f1xx_hal_tim.o
    0x08001254   0x000000d6   Code   RO         2207    i.HAL_TIM_ConfigClockSource  stm32f1xx_hal_tim.o
    0x0800132a   0x00000002   Code   RO         2232    i.HAL_TIM_IC_CaptureCallback  stm32f1xx_hal_tim.o
    0x0800132c   0x00000166   Code   RO         2246    i.HAL_TIM_IRQHandler  stm32f1xx_hal_tim.o
    0x08001492   0x00000002   Code   RO         2249    i.HAL_TIM_OC_DelayElapsedCallback  stm32f1xx_hal_tim.o
    0x08001494   0x00000002   Code   RO         2276    i.HAL_TIM_PWM_PulseFinishedCallback  stm32f1xx_hal_tim.o
    0x08001496   0x00000002   PAD
    0x08001498   0x00000050   Code   RO          394    i.HAL_TIM_PeriodElapsedCallback  main.o
    0x080014e8   0x00000002   Code   RO         2289    i.HAL_TIM_TriggerCallback  stm32f1xx_hal_tim.o
    0x080014ea   0x00000002   Code   RO          605    i.HardFault_Handler  stm32f1xx_it.o
    0x080014ec   0x0000002e   Code   RO          842    i.I2C_IsAcknowledgeFailed  stm32f1xx_hal_i2c.o
    0x0800151a   0x00000002   PAD
    0x0800151c   0x0000009c   Code   RO          846    i.I2C_MasterRequestWrite  stm32f1xx_hal_i2c.o
    0x080015b8   0x0000004c   Code   RO          857    i.I2C_WaitOnBTFFlagUntilTimeout  stm32f1xx_hal_i2c.o
    0x08001604   0x00000068   Code   RO          858    i.I2C_WaitOnFlagUntilTimeout  stm32f1xx_hal_i2c.o
    0x0800166c   0x00000096   Code   RO          859    i.I2C_WaitOnMasterAddressFlagUntilTimeout  stm32f1xx_hal_i2c.o
    0x08001702   0x0000004c   Code   RO          861    i.I2C_WaitOnTXEFlagUntilTimeout  stm32f1xx_hal_i2c.o
    0x0800174e   0x00000002   PAD
    0x08001750   0x000000c4   Code   RO          395    i.MX_GPIO_Init      main.o
    0x08001814   0x00000054   Code   RO          396    i.MX_TIM3_Init      main.o
    0x08001868   0x00000002   Code   RO          606    i.MemManage_Handler  stm32f1xx_it.o
    0x0800186a   0x00000002   Code   RO          607    i.NMI_Handler       stm32f1xx_it.o
    0x0800186c   0x00000002   Code   RO          608    i.PendSV_Handler    stm32f1xx_it.o
    0x0800186e   0x00000010   Code   RO          136    i.SSD1306_Clear     ssd1306.o
    0x0800187e   0x00000002   PAD
    0x08001880   0x00000104   Code   RO          139    i.SSD1306_DrawFilledCircle  ssd1306.o
    0x08001984   0x00000056   Code   RO          140    i.SSD1306_DrawFilledRectangle  ssd1306.o
    0x080019da   0x0000010a   Code   RO          142    i.SSD1306_DrawLine  ssd1306.o
    0x08001ae4   0x00000040   Code   RO          143    i.SSD1306_DrawPixel  ssd1306.o
    0x08001b24   0x00000018   Code   RO          146    i.SSD1306_Fill      ssd1306.o
    0x08001b3c   0x0000000c   Code   RO          147    i.SSD1306_GotoXY    ssd1306.o
    0x08001b48   0x00000168   Code   RO          148    i.SSD1306_Init      ssd1306.o
    0x08001cb0   0x000000a0   Code   RO          152    i.SSD1306_Putc      ssd1306.o
    0x08001d50   0x00000028   Code   RO          153    i.SSD1306_Puts      ssd1306.o
    0x08001d78   0x0000005a   Code   RO          154    i.SSD1306_ScrollLeft  ssd1306.o
    0x08001dd2   0x0000005a   Code   RO          155    i.SSD1306_ScrollRight  ssd1306.o
    0x08001e2c   0x0000000a   Code   RO          158    i.SSD1306_Stopscroll  ssd1306.o
    0x08001e36   0x00000002   PAD
    0x08001e38   0x00000048   Code   RO          160    i.SSD1306_UpdateScreen  ssd1306.o
    0x08001e80   0x00000002   Code   RO          609    i.SVC_Handler       stm32f1xx_it.o
    0x08001e82   0x00000004   Code   RO          610    i.SysTick_Handler   stm32f1xx_it.o
    0x08001e86   0x0000004e   Code   RO          397    i.SystemClock_Config  main.o
    0x08001ed4   0x00000002   Code   RO         3170    i.SystemInit        system_stm32f1xx.o
    0x08001ed6   0x00000002   PAD
    0x08001ed8   0x0000000c   Code   RO          611    i.TIM3_IRQHandler   stm32f1xx_it.o
    0x08001ee4   0x0000006c   Code   RO         2291    i.TIM_Base_SetConfig  stm32f1xx_hal_tim.o
    0x08001f50   0x00000014   Code   RO         2302    i.TIM_ETR_SetConfig  stm32f1xx_hal_tim.o
    0x08001f64   0x00000010   Code   RO         2303    i.TIM_ITRx_SetConfig  stm32f1xx_hal_tim.o
    0x08001f74   0x00000022   Code   RO         2309    i.TIM_TI1_ConfigInputStage  stm32f1xx_hal_tim.o
    0x08001f96   0x00000024   Code   RO         2311    i.TIM_TI2_ConfigInputStage  stm32f1xx_hal_tim.o
    0x08001fba   0x00000002   Code   RO          612    i.UsageFault_Handler  stm32f1xx_it.o
    0x08001fbc   0x00000028   Code   RO         3260    i.__0sprintf$1      mc_w.l(printf1.o)
    0x08001fe4   0x00000020   Code   RO         1709    i.__NVIC_SetPriority  stm32f1xx_hal_cortex.o
    0x08002004   0x0000000e   Code   RO         3518    i.__scatterload_copy  mc_w.l(handlers.o)
    0x08002012   0x00000002   Code   RO         3519    i.__scatterload_null  mc_w.l(handlers.o)
    0x08002014   0x0000000e   Code   RO         3520    i.__scatterload_zeroinit  mc_w.l(handlers.o)
    0x08002022   0x00000002   PAD
    0x08002024   0x00000154   Code   RO         3265    i._printf_core      mc_w.l(printf1.o)
    0x08002178   0x0000000a   Code   RO         3267    i._sputc            mc_w.l(printf1.o)
    0x08002182   0x00000002   PAD
    0x08002184   0x00000024   Code   RO          398    i.bellTingTing      main.o
    0x080021a8   0x0000002c   Code   RO          399    i.bellTingTingWait  main.o
    0x080021d4   0x00000054   Code   RO          400    i.changePeriodTIM3  main.o
    0x08002228   0x00000050   Code   RO          401    i.changeSetupType   main.o
    0x08002278   0x00000034   Code   RO          402    i.checkAcrossEdge   main.o
    0x080022ac   0x00000060   Code   RO          403    i.checkEating       main.o
    0x0800230c   0x00000154   Code   RO          404    i.gameOver          main.o
    0x08002460   0x000001e4   Code   RO          405    i.initGame          main.o
    0x08002644   0x0000005c   Code   RO          406    i.main              main.o
    0x080026a0   0x00000024   Code   RO          407    i.predatorClear     main.o
    0x080026c4   0x000001c4   Code   RO          408    i.predatorDraw      main.o
    0x08002888   0x0000003c   Code   RO          409    i.predatorMove      main.o
    0x080028c4   0x00000018   Code   RO          410    i.preyClear         main.o
    0x080028dc   0x00000018   Code   RO          411    i.preyDraw          main.o
    0x080028f4   0x00000024   Code   RO          412    i.randomPrey        main.o
    0x08002918   0x00000058   Code   RO          413    i.renderScreen      main.o
    0x08002970   0x0000004c   Code   RO          414    i.setupPlus         main.o
    0x080029bc   0x0000004c   Code   RO          415    i.setupReduce       main.o
    0x08002a08   0x00000038   Code   RO          416    i.showLevel         main.o
    0x08002a40   0x00000038   Code   RO          417    i.showSoundStatus   main.o
    0x08002a78   0x00000084   Code   RO          418    i.sortUserScore     main.o
    0x08002afc   0x0000000c   Code   RO          161    i.ssd1306_I2C_Init  ssd1306.o
    0x08002b08   0x00000020   Code   RO          162    i.ssd1306_I2C_Write  ssd1306.o
    0x08002b28   0x00000038   Code   RO          163    i.ssd1306_I2C_WriteMulti  ssd1306.o
    0x08002b60   0x00000010   Code   RO          419    i.toggleMount       main.o
    0x08002b70   0x0000076c   Data   RO           14    .constdata          fonts.o
    0x080032dc   0x00000d5c   Data   RO           15    .constdata          fonts.o
    0x08004038   0x0000134c   Data   RO           16    .constdata          fonts.o
    0x08005384   0x00000010   Data   RO         3171    .constdata          system_stm32f1xx.o
    0x08005394   0x00000008   Data   RO         3172    .constdata          system_stm32f1xx.o
    0x0800539c   0x00000020   Data   RO         3516    Region$$Table       anon$$obj.o


    Execution Region RW_IRAM1 (Base: 0x20000000, Size: 0x000009d8, Max: 0x00005000, ABSOLUTE)

    Base Addr    Size         Type   Attr      Idx    E Section Name        Object

    0x20000000   0x00000008   Data   RW           17    .data               fonts.o
    0x20000008   0x00000008   Data   RW           18    .data               fonts.o
    0x20000010   0x00000008   Data   RW           19    .data               fonts.o
    0x20000018   0x00000006   Data   RW          165    .data               ssd1306.o
    0x2000001e   0x00000002   PAD
    0x20000020   0x000000e0   Data   RW          424    .data               main.o
    0x20000100   0x0000000c   Data   RW         1246    .data               stm32f1xx_hal.o
    0x2000010c   0x00000004   Data   RW         3173    .data               system_stm32f1xx.o
    0x20000110   0x00000400   Zero   RW          164    .bss                ssd1306.o
    0x20000510   0x000000a6   Zero   RW          420    .bss                main.o
    0x200005b6   0x00000002   PAD
    0x200005b8   0x00000020   Zero   RW         1950    .bss                stm32f1xx_hal_flash.o
    0x200005d8   0x00000400   Zero   RW            1    STACK               startup_stm32f103xb.o


==============================================================================

Image component sizes


      Code (inc. data)   RO Data    RW Data    ZI Data      Debug   Object Name

         0          0      10260         24          0     427727   fonts.o
      3060        358          0        224        166      17982   main.o
      1650         54          0          6       1024      13628   ssd1306.o
        36          8        236          0       1024        800   startup_stm32f103xb.o
       164         28          0         12          0       5889   stm32f1xx_hal.o
       198         14          0          0          0      28935   stm32f1xx_hal_cortex.o
       392         46          0          0         32       4714   stm32f1xx_hal_flash.o
       514         40          0          0          0       3475   stm32f1xx_hal_gpio.o
      1664         42          0          0          0      10313   stm32f1xx_hal_i2c.o
       216         32          0          0          0       2147   stm32f1xx_hal_msp.o
      1240         88          0          0          0       4629   stm32f1xx_hal_rcc.o
       972         26          0          0          0       9633   stm32f1xx_hal_tim.o
       108         12          0          0          0       2369   stm32f1xx_hal_tim_ex.o
        56          6          0          0          0       6026   stm32f1xx_it.o
         2          0         24          4          0       1115   system_stm32f1xx.o

    ----------------------------------------------------------------------
     10292        754      10552        272       2248     539382   Object Totals
         0          0         32          0          0          0   (incl. Generated)
        20          0          0          2          2          0   (incl. Padding)

    ----------------------------------------------------------------------

      Code (inc. data)   RO Data    RW Data    ZI Data      Debug   Library Member Name

         0          0          0          0          0          0   entry.o
         0          0          0          0          0          0   entry10a.o
         0          0          0          0          0          0   entry11a.o
         8          4          0          0          0          0   entry2.o
         4          0          0          0          0          0   entry5.o
         0          0          0          0          0          0   entry7b.o
         0          0          0          0          0          0   entry8b.o
         8          4          0          0          0          0   entry9a.o
        30          0          0          0          0          0   handlers.o
        36          8          0          0          0         68   init.o
        32          0          0          0          0         68   llushr.o
        36          0          0          0          0        108   memseta.o
       390         10          0          0          0        252   printf1.o
        44          0          0          0          0         80   uidiv.o

    ----------------------------------------------------------------------
       592         26          0          0          0        576   Library Totals
         4          0          0          0          0          0   (incl. Padding)

    ----------------------------------------------------------------------

      Code (inc. data)   RO Data    RW Data    ZI Data      Debug   Library Name

       588         26          0          0          0        576   mc_w.l

    ----------------------------------------------------------------------
       592         26          0          0          0        576   Library Totals

    ----------------------------------------------------------------------

==============================================================================


      Code (inc. data)   RO Data    RW Data    ZI Data      Debug   

     10884        780      10552        272       2248     534338   Grand Totals
     10884        780      10552        272       2248     534338   ELF Image Totals
     10884        780      10552        272          0          0   ROM Totals

==============================================================================

    Total RO  Size (Code + RO Data)                21436 (  20.93kB)
    Total RW  Size (RW Data + ZI Data)              2520 (   2.46kB)
    Total ROM Size (Code + RO Data + RW Data)      21708 (  21.20kB)

==============================================================================

